Archive member included to satisfy reference by file (symbol)

d:/st/stm32cubeide_1.7.0/stm32cubeide/plugins/com.st.stm32cube.ide.mcu.externaltools.gnu-tools-for-stm32.9-2020-q2-update.win32_2.0.0.202105311346/tools/bin/../lib/gcc/arm-none-eabi/9.3.1/../../../../arm-none-eabi/lib/thumb/v6-m/nofp\libc_nano.a(lib_a-errno.o)
                              ./Core/Src/syscalls.o (__errno)
d:/st/stm32cubeide_1.7.0/stm32cubeide/plugins/com.st.stm32cube.ide.mcu.externaltools.gnu-tools-for-stm32.9-2020-q2-update.win32_2.0.0.202105311346/tools/bin/../lib/gcc/arm-none-eabi/9.3.1/../../../../arm-none-eabi/lib/thumb/v6-m/nofp\libc_nano.a(lib_a-exit.o)
                              d:/st/stm32cubeide_1.7.0/stm32cubeide/plugins/com.st.stm32cube.ide.mcu.externaltools.gnu-tools-for-stm32.9-2020-q2-update.win32_2.0.0.202105311346/tools/bin/../lib/gcc/arm-none-eabi/9.3.1/../../../../arm-none-eabi/lib/thumb/v6-m/nofp/crt0.o (exit)
d:/st/stm32cubeide_1.7.0/stm32cubeide/plugins/com.st.stm32cube.ide.mcu.externaltools.gnu-tools-for-stm32.9-2020-q2-update.win32_2.0.0.202105311346/tools/bin/../lib/gcc/arm-none-eabi/9.3.1/../../../../arm-none-eabi/lib/thumb/v6-m/nofp\libc_nano.a(lib_a-impure.o)
                              d:/st/stm32cubeide_1.7.0/stm32cubeide/plugins/com.st.stm32cube.ide.mcu.externaltools.gnu-tools-for-stm32.9-2020-q2-update.win32_2.0.0.202105311346/tools/bin/../lib/gcc/arm-none-eabi/9.3.1/../../../../arm-none-eabi/lib/thumb/v6-m/nofp\libc_nano.a(lib_a-exit.o) (_global_impure_ptr)
d:/st/stm32cubeide_1.7.0/stm32cubeide/plugins/com.st.stm32cube.ide.mcu.externaltools.gnu-tools-for-stm32.9-2020-q2-update.win32_2.0.0.202105311346/tools/bin/../lib/gcc/arm-none-eabi/9.3.1/../../../../arm-none-eabi/lib/thumb/v6-m/nofp\libc_nano.a(lib_a-init.o)
                              d:/st/stm32cubeide_1.7.0/stm32cubeide/plugins/com.st.stm32cube.ide.mcu.externaltools.gnu-tools-for-stm32.9-2020-q2-update.win32_2.0.0.202105311346/tools/bin/../lib/gcc/arm-none-eabi/9.3.1/../../../../arm-none-eabi/lib/thumb/v6-m/nofp/crt0.o (__libc_init_array)
d:/st/stm32cubeide_1.7.0/stm32cubeide/plugins/com.st.stm32cube.ide.mcu.externaltools.gnu-tools-for-stm32.9-2020-q2-update.win32_2.0.0.202105311346/tools/bin/../lib/gcc/arm-none-eabi/9.3.1/../../../../arm-none-eabi/lib/thumb/v6-m/nofp\libc_nano.a(lib_a-malloc.o)
                              ./Core/Src/comHandle.o (malloc)
d:/st/stm32cubeide_1.7.0/stm32cubeide/plugins/com.st.stm32cube.ide.mcu.externaltools.gnu-tools-for-stm32.9-2020-q2-update.win32_2.0.0.202105311346/tools/bin/../lib/gcc/arm-none-eabi/9.3.1/../../../../arm-none-eabi/lib/thumb/v6-m/nofp\libc_nano.a(lib_a-memcpy-stub.o)
                              ./Core/Src/comHandle.o (memcpy)
d:/st/stm32cubeide_1.7.0/stm32cubeide/plugins/com.st.stm32cube.ide.mcu.externaltools.gnu-tools-for-stm32.9-2020-q2-update.win32_2.0.0.202105311346/tools/bin/../lib/gcc/arm-none-eabi/9.3.1/../../../../arm-none-eabi/lib/thumb/v6-m/nofp\libc_nano.a(lib_a-memset.o)
                              d:/st/stm32cubeide_1.7.0/stm32cubeide/plugins/com.st.stm32cube.ide.mcu.externaltools.gnu-tools-for-stm32.9-2020-q2-update.win32_2.0.0.202105311346/tools/bin/../lib/gcc/arm-none-eabi/9.3.1/../../../../arm-none-eabi/lib/thumb/v6-m/nofp/crt0.o (memset)
d:/st/stm32cubeide_1.7.0/stm32cubeide/plugins/com.st.stm32cube.ide.mcu.externaltools.gnu-tools-for-stm32.9-2020-q2-update.win32_2.0.0.202105311346/tools/bin/../lib/gcc/arm-none-eabi/9.3.1/../../../../arm-none-eabi/lib/thumb/v6-m/nofp\libc_nano.a(lib_a-nano-freer.o)
                              d:/st/stm32cubeide_1.7.0/stm32cubeide/plugins/com.st.stm32cube.ide.mcu.externaltools.gnu-tools-for-stm32.9-2020-q2-update.win32_2.0.0.202105311346/tools/bin/../lib/gcc/arm-none-eabi/9.3.1/../../../../arm-none-eabi/lib/thumb/v6-m/nofp\libc_nano.a(lib_a-malloc.o) (_free_r)
d:/st/stm32cubeide_1.7.0/stm32cubeide/plugins/com.st.stm32cube.ide.mcu.externaltools.gnu-tools-for-stm32.9-2020-q2-update.win32_2.0.0.202105311346/tools/bin/../lib/gcc/arm-none-eabi/9.3.1/../../../../arm-none-eabi/lib/thumb/v6-m/nofp\libc_nano.a(lib_a-nano-mallocr.o)
                              d:/st/stm32cubeide_1.7.0/stm32cubeide/plugins/com.st.stm32cube.ide.mcu.externaltools.gnu-tools-for-stm32.9-2020-q2-update.win32_2.0.0.202105311346/tools/bin/../lib/gcc/arm-none-eabi/9.3.1/../../../../arm-none-eabi/lib/thumb/v6-m/nofp\libc_nano.a(lib_a-malloc.o) (_malloc_r)
d:/st/stm32cubeide_1.7.0/stm32cubeide/plugins/com.st.stm32cube.ide.mcu.externaltools.gnu-tools-for-stm32.9-2020-q2-update.win32_2.0.0.202105311346/tools/bin/../lib/gcc/arm-none-eabi/9.3.1/../../../../arm-none-eabi/lib/thumb/v6-m/nofp\libc_nano.a(lib_a-sbrkr.o)
                              d:/st/stm32cubeide_1.7.0/stm32cubeide/plugins/com.st.stm32cube.ide.mcu.externaltools.gnu-tools-for-stm32.9-2020-q2-update.win32_2.0.0.202105311346/tools/bin/../lib/gcc/arm-none-eabi/9.3.1/../../../../arm-none-eabi/lib/thumb/v6-m/nofp\libc_nano.a(lib_a-nano-mallocr.o) (_sbrk_r)
[...]
Memory Configuration

Name             Origin             Length             Attributes
RAM              0x0000000020000000 0x0000000000004000 xrw
FLASH            0x0000000008000000 0x0000000000020000 xr
*default*        0x0000000000000000 0xffffffffffffffff

Linker script and memory map

LOAD d:/st/stm32cubeide_1.7.0/stm32cubeide/plugins/com.st.stm32cube.ide.mcu.externaltools.gnu-tools-for-stm32.9-2020-q2-update.win32_2.0.0.202105311346/tools/bin/../lib/gcc/arm-none-eabi/9.3.1/thumb/v6-m/nofp/crti.o
LOAD d:/st/stm32cubeide_1.7.0/stm32cubeide/plugins/com.st.stm32cube.ide.mcu.externaltools.gnu-tools-for-stm32.9-2020-q2-update.win32_2.0.0.202105311346/tools/bin/../lib/gcc/arm-none-eabi/9.3.1/thumb/v6-m/nofp/crtbegin.o
LOAD d:/st/stm32cubeide_1.7.0/stm32cubeide/plugins/com.st.stm32cube.ide.mcu.externaltools.gnu-tools-for-stm32.9-2020-q2-update.win32_2.0.0.202105311346/tools/bin/../lib/gcc/arm-none-eabi/9.3.1/../../../../arm-none-eabi/lib/thumb/v6-m/nofp/crt0.o
LOAD ./Core/Src/comHandle.o
LOAD ./Core/Src/lcd.o
LOAD ./Core/Src/main.o
LOAD ./Core/Src/ringBuffer.o
LOAD ./Core/Src/shiftReg.o
LOAD ./Core/Src/stm32f0xx_hal_msp.o
LOAD ./Core/Src/stm32f0xx_it.o
LOAD ./Core/Src/syscalls.o
LOAD ./Core/Src/sysmem.o
LOAD ./Core/Src/system_stm32f0xx.o
LOAD ./Core/Src/testHandle.o
LOAD ./Core/Startup/startup_stm32f072rbtx.o
LOAD ./Drivers/STM32F0xx_HAL_Driver/Src/stm32f0xx_hal.o
LOAD ./Drivers/STM32F0xx_HAL_Driver/Src/stm32f0xx_hal_adc.o
LOAD ./Drivers/STM32F0xx_HAL_Driver/Src/stm32f0xx_hal_adc_ex.o
LOAD ./Drivers/STM32F0xx_HAL_Driver/Src/stm32f0xx_hal_cortex.o
LOAD ./Drivers/STM32F0xx_HAL_Driver/Src/stm32f0xx_hal_dma.o
LOAD ./Drivers/STM32F0xx_HAL_Driver/Src/stm32f0xx_hal_exti.o
LOAD ./Drivers/STM32F0xx_HAL_Driver/Src/stm32f0xx_hal_flash.o
LOAD ./Drivers/STM32F0xx_HAL_Driver/Src/stm32f0xx_hal_flash_ex.o
LOAD ./Drivers/STM32F0xx_HAL_Driver/Src/stm32f0xx_hal_gpio.o
LOAD ./Drivers/STM32F0xx_HAL_Driver/Src/stm32f0xx_hal_i2c.o
LOAD ./Drivers/STM32F0xx_HAL_Driver/Src/stm32f0xx_hal_i2c_ex.o
LOAD ./Drivers/STM32F0xx_HAL_Driver/Src/stm32f0xx_hal_pcd.o
LOAD ./Drivers/STM32F0xx_HAL_Driver/Src/stm32f0xx_hal_pcd_ex.o
LOAD ./Drivers/STM32F0xx_HAL_Driver/Src/stm32f0xx_hal_pwr.o
LOAD ./Drivers/STM32F0xx_HAL_Driver/Src/stm32f0xx_hal_pwr_ex.o
LOAD ./Drivers/STM32F0xx_HAL_Driver/Src/stm32f0xx_hal_rcc.o
LOAD ./Drivers/STM32F0xx_HAL_Driver/Src/stm32f0xx_hal_rcc_ex.o
LOAD ./Drivers/STM32F0xx_HAL_Driver/Src/stm32f0xx_hal_spi.o
LOAD ./Drivers/STM32F0xx_HAL_Driver/Src/stm32f0xx_hal_spi_ex.o
LOAD ./Drivers/STM32F0xx_HAL_Driver/Src/stm32f0xx_hal_tim.o
LOAD ./Drivers/STM32F0xx_HAL_Driver/Src/stm32f0xx_hal_tim_ex.o
LOAD ./Drivers/STM32F0xx_HAL_Driver/Src/stm32f0xx_hal_uart.o
LOAD ./Drivers/STM32F0xx_HAL_Driver/Src/stm32f0xx_hal_uart_ex.o
LOAD ./Drivers/STM32F0xx_HAL_Driver/Src/stm32f0xx_ll_usb.o
LOAD ./Middlewares/ST/STM32_USB_Device_Library/Class/CDC/Src/usbd_cdc.o
LOAD ./Middlewares/ST/STM32_USB_Device_Library/Core/Src/usbd_core.o
LOAD ./Middlewares/ST/STM32_USB_Device_Library/Core/Src/usbd_ctlreq.o
LOAD ./Middlewares/ST/STM32_USB_Device_Library/Core/Src/usbd_ioreq.o
LOAD ./USB_DEVICE/App/usb_device.o
LOAD ./USB_DEVICE/App/usbd_cdc_if.o
LOAD ./USB_DEVICE/App/usbd_desc.o
LOAD ./USB_DEVICE/Target/usbd_conf.o
START GROUP
LOAD d:/st/stm32cubeide_1.7.0/stm32cubeide/plugins/com.st.stm32cube.ide.mcu.externaltools.gnu-tools-for-stm32.9-2020-q2-update.win32_2.0.0.202105311346/tools/bin/../lib/gcc/arm-none-eabi/9.3.1/../../../../arm-none-eabi/lib/thumb/v6-m/nofp\libc_nano.a
LOAD d:/st/stm32cubeide_1.7.0/stm32cubeide/plugins/com.st.stm32cube.ide.mcu.externaltools.gnu-tools-for-stm32.9-2020-q2-update.win32_2.0.0.202105311346/tools/bin/../lib/gcc/arm-none-eabi/9.3.1/../../../../arm-none-eabi/lib/thumb/v6-m/nofp\libm.a
END GROUP
START GROUP
LOAD d:/st/stm32cubeide_1.7.0/stm32cubeide/plugins/com.st.stm32cube.ide.mcu.externaltools.gnu-tools-for-stm32.9-2020-q2-update.win32_2.0.0.202105311346/tools/bin/../lib/gcc/arm-none-eabi/9.3.1/thumb/v6-m/nofp\libgcc.a
LOAD d:/st/stm32cubeide_1.7.0/stm32cubeide/plugins/com.st.stm32cube.ide.mcu.externaltools.gnu-tools-for-stm32.9-2020-q2-update.win32_2.0.0.202105311346/tools/bin/../lib/gcc/arm-none-eabi/9.3.1/../../../../arm-none-eabi/lib/thumb/v6-m/nofp\libc_nano.a
END GROUP
START GROUP
LOAD d:/st/stm32cubeide_1.7.0/stm32cubeide/plugins/com.st.stm32cube.ide.mcu.externaltools.gnu-tools-for-stm32.9-2020-q2-update.win32_2.0.0.202105311346/tools/bin/../lib/gcc/arm-none-eabi/9.3.1/thumb/v6-m/nofp\libgcc.a
LOAD d:/st/stm32cubeide_1.7.0/stm32cubeide/plugins/com.st.stm32cube.ide.mcu.externaltools.gnu-tools-for-stm32.9-2020-q2-update.win32_2.0.0.202105311346/tools/bin/../lib/gcc/arm-none-eabi/9.3.1/../../../../arm-none-eabi/lib/thumb/v6-m/nofp\libc_nano.a
LOAD d:/st/stm32cubeide_1.7.0/stm32cubeide/plugins/com.st.stm32cube.ide.mcu.externaltools.gnu-tools-for-stm32.9-2020-q2-update.win32_2.0.0.202105311346/tools/bin/../lib/gcc/arm-none-eabi/9.3.1/../../../../arm-none-eabi/lib/thumb/v6-m/nofp\libnosys.a
END GROUP
START GROUP
LOAD d:/st/stm32cubeide_1.7.0/stm32cubeide/plugins/com.st.stm32cube.ide.mcu.externaltools.gnu-tools-for-stm32.9-2020-q2-update.win32_2.0.0.202105311346/tools/bin/../lib/gcc/arm-none-eabi/9.3.1/thumb/v6-m/nofp\libgcc.a
LOAD d:/st/stm32cubeide_1.7.0/stm32cubeide/plugins/com.st.stm32cube.ide.mcu.externaltools.gnu-tools-for-stm32.9-2020-q2-update.win32_2.0.0.202105311346/tools/bin/../lib/gcc/arm-none-eabi/9.3.1/../../../../arm-none-eabi/lib/thumb/v6-m/nofp\libc_nano.a
LOAD d:/st/stm32cubeide_1.7.0/stm32cubeide/plugins/com.st.stm32cube.ide.mcu.externaltools.gnu-tools-for-stm32.9-2020-q2-update.win32_2.0.0.202105311346/tools/bin/../lib/gcc/arm-none-eabi/9.3.1/../../../../arm-none-eabi/lib/thumb/v6-m/nofp\libnosys.a
END GROUP
LOAD d:/st/stm32cubeide_1.7.0/stm32cubeide/plugins/com.st.stm32cube.ide.mcu.externaltools.gnu-tools-for-stm32.9-2020-q2-update.win32_2.0.0.202105311346/tools/bin/../lib/gcc/arm-none-eabi/9.3.1/thumb/v6-m/nofp/crtend.o
LOAD d:/st/stm32cubeide_1.7.0/stm32cubeide/plugins/com.st.stm32cube.ide.mcu.externaltools.gnu-tools-for-stm32.9-2020-q2-update.win32_2.0.0.202105311346/tools/bin/../lib/gcc/arm-none-eabi/9.3.1/thumb/v6-m/nofp/crtn.o
                0x0000000020004000                _estack = (ORIGIN (RAM) + LENGTH (RAM))
                0x0000000000000200                _Min_Heap_Size = 0x200
                0x0000000000000400                _Min_Stack_Size = 0x400

.isr_vector     0x0000000008000000       0xc0
                0x0000000008000000                . = ALIGN (0x4)
 *(.isr_vector)
 .isr_vector    0x0000000008000000       0xc0 ./Core/Startup/startup_stm32f072rbtx.o
                0x0000000008000000                g_pfnVectors
                0x00000000080000c0                . = ALIGN (0x4)

.text           0x00000000080000c0     0xdc78
                0x00000000080000c0                . = ALIGN (0x4)
 *(.text)
 .text          0x00000000080000c0       0x48 d:/st/stm32cubeide_1.7.0/stm32cubeide/plugins/com.st.stm32cube.ide.mcu.externaltools.gnu-tools-for-stm32.9-2020-q2-update.win32_2.0.0.202105311346/tools/bin/../lib/gcc/arm-none-eabi/9.3.1/thumb/v6-m/nofp/crtbegin.o
 .text          0x0000000008000108        0xe d:/st/stm32cubeide_1.7.0/stm32cubeide/plugins/com.st.stm32cube.ide.mcu.externaltools.gnu-tools-for-stm32.9-2020-q2-update.win32_2.0.0.202105311346/tools/bin/../lib/gcc/arm-none-eabi/9.3.1/../../../../arm-none-eabi/lib/thumb/v6-m/nofp\libc_nano.a(lib_a-strlen.o)
                0x0000000008000108                strlen
 *fill*         0x0000000008000116        0x2 
 .text          0x0000000008000118       0x14 d:/st/stm32cubeide_1.7.0/stm32cubeide/plugins/com.st.stm32cube.ide.mcu.externaltools.gnu-tools-for-stm32.9-2020-q2-update.win32_2.0.0.202105311346/tools/bin/../lib/gcc/arm-none-eabi/9.3.1/thumb/v6-m/nofp\libgcc.a(_thumb1_case_shi.o)
                0x0000000008000118                __gnu_thumb1_case_shi
 .text          0x000000000800012c      0x114 d:/st/stm32cubeide_1.7.0/stm32cubeide/plugins/com.st.stm32cube.ide.mcu.externaltools.gnu-tools-for-stm32.9-2020-q2-update.win32_2.0.0.202105311346/tools/bin/../lib/gcc/arm-none-eabi/9.3.1/thumb/v6-m/nofp\libgcc.a(_udivsi3.o)
                0x000000000800012c                __aeabi_uidiv
                0x000000000800012c                __udivsi3
                0x0000000008000238                __aeabi_uidivmod
 .text          0x0000000008000240      0x1d4 d:/st/stm32cubeide_1.7.0/stm32cubeide/plugins/com.st.stm32cube.ide.mcu.externaltools.gnu-tools-for-stm32.9-2020-q2-update.win32_2.0.0.202105311346/tools/bin/../lib/gcc/arm-none-eabi/9.3.1/thumb/v6-m/nofp\libgcc.a(_divsi3.o)
                0x0000000008000240                __divsi3
                0x0000000008000240                __aeabi_idiv
                0x000000000800040c                __aeabi_idivmod
 .text          0x0000000008000414        0x4 d:/st/stm32cubeide_1.7.0/stm32cubeide/plugins/com.st.stm32cube.ide.mcu.externaltools.gnu-tools-for-stm32.9-2020-q2-update.win32_2.0.0.202105311346/tools/bin/../lib/gcc/arm-none-eabi/9.3.1/thumb/v6-m/nofp\libgcc.a(_dvmd_tls.o)
                0x0000000008000414                __aeabi_idiv0
                0x0000000008000414                __aeabi_ldiv0
 *(.text*)
 .text.comHandler
                0x0000000008000418      0x4cc ./Core/Src/comHandle.o
                0x0000000008000418                comHandler
 .text.makeByteArray
                0x00000000080008e4       0x58 ./Core/Src/comHandle.o
 .text.fillPaket
                0x000000000800093c       0x7e ./Core/Src/comHandle.o
 *fill*         0x00000000080009ba        0x2 
 .text.pushPaket
                0x00000000080009bc      0x178 ./Core/Src/comHandle.o
 .text.decodePaket
                0x0000000008000b34      0x134 ./Core/Src/comHandle.o
 .text.setColour
                0x0000000008000c68       0xf0 ./Core/Src/lcd.o
                0x0000000008000c68                setColour
 .text.sendByte
                0x0000000008000d58      0x134 ./Core/Src/lcd.o
 .text.dispInit
                0x0000000008000e8c       0x78 ./Core/Src/lcd.o
                0x0000000008000e8c                dispInit
 .text.setCursor
                0x0000000008000f04       0x78 ./Core/Src/lcd.o
                0x0000000008000f04                setCursor
 .text.writeChar
                0x0000000008000f7c       0x64 ./Core/Src/lcd.o
                0x0000000008000f7c                writeChar
 .text.writeRow
                0x0000000008000fe0      0x136 ./Core/Src/lcd.o
                0x0000000008000fe0                writeRow
 *fill*         0x0000000008001116        0x2 
 .text.HAL_GPIO_EXTI_Callback
                0x0000000008001118       0x44 ./Core/Src/main.o
                0x0000000008001118                HAL_GPIO_EXTI_Callback
 .text.HAL_TIM_PeriodElapsedCallback
                0x000000000800115c       0x2c ./Core/Src/main.o
                0x000000000800115c                HAL_TIM_PeriodElapsedCallback
 .text.HAL_ADC_ConvCpltCallback
                0x0000000008001188       0x28 ./Core/Src/main.o
                0x0000000008001188                HAL_ADC_ConvCpltCallback
 .text.main     0x00000000080011b0      0x150 ./Core/Src/main.o
                0x00000000080011b0                main
 .text.SystemClock_Config
                0x0000000008001300       0xd6 ./Core/Src/main.o
                0x0000000008001300                SystemClock_Config
 *fill*         0x00000000080013d6        0x2 
 .text.MX_ADC_Init
                0x00000000080013d8      0x23c ./Core/Src/main.o
 .text.MX_SPI1_Init
                0x0000000008001614       0x8c ./Core/Src/main.o
 .text.MX_TIM14_Init
                0x00000000080016a0       0x98 ./Core/Src/main.o
 .text.MX_USART3_UART_Init
                0x0000000008001738       0x60 ./Core/Src/main.o
 .text.MX_GPIO_Init
                0x0000000008001798      0x1d8 ./Core/Src/main.o
 .text.clkHandler
                0x0000000008001970       0xfc ./Core/Src/main.o
                0x0000000008001970                clkHandler
 .text.buttonDebounce
                0x0000000008001a6c      0x110 ./Core/Src/main.o
                0x0000000008001a6c                buttonDebounce
 .text.dispHandler
                0x0000000008001b7c      0x3b8 ./Core/Src/main.o
                0x0000000008001b7c                dispHandler
 .text.UI_Handler
                0x0000000008001f34      0x2cc ./Core/Src/main.o
                0x0000000008001f34                UI_Handler
 .text.measHandler
                0x0000000008002200      0x164 ./Core/Src/main.o
                0x0000000008002200                measHandler
 .text.Error_Handler
                0x0000000008002364        0xa ./Core/Src/main.o
                0x0000000008002364                Error_Handler
 .text.createBuffer
                0x000000000800236e       0x6a ./Core/Src/ringBuffer.o
                0x000000000800236e                createBuffer
 .text.clearBuffer
                0x00000000080023d8       0x2c ./Core/Src/ringBuffer.o
                0x00000000080023d8                clearBuffer
 .text.push     0x0000000008002404       0x6e ./Core/Src/ringBuffer.o
                0x0000000008002404                push
 .text.pushStr  0x0000000008002472       0x50 ./Core/Src/ringBuffer.o
                0x0000000008002472                pushStr
 .text.pop      0x00000000080024c2       0x66 ./Core/Src/ringBuffer.o
                0x00000000080024c2                pop
 .text.at       0x0000000008002528       0x56 ./Core/Src/ringBuffer.o
                0x0000000008002528                at
 *fill*         0x000000000800257e        0x2 
 .text.getCount
                0x0000000008002580       0x88 ./Core/Src/shiftReg.o
 .text.regInit  0x0000000008002608       0xb8 ./Core/Src/shiftReg.o
                0x0000000008002608                regInit
 .text.sendData
                0x00000000080026c0       0x78 ./Core/Src/shiftReg.o
                0x00000000080026c0                sendData
 .text.HAL_MspInit
                0x0000000008002738       0x48 ./Core/Src/stm32f0xx_hal_msp.o
                0x0000000008002738                HAL_MspInit
 .text.HAL_ADC_MspInit
                0x0000000008002780      0x118 ./Core/Src/stm32f0xx_hal_msp.o
                0x0000000008002780                HAL_ADC_MspInit
 .text.HAL_SPI_MspInit
                0x0000000008002898       0x9c ./Core/Src/stm32f0xx_hal_msp.o
                0x0000000008002898                HAL_SPI_MspInit
 .text.HAL_TIM_Base_MspInit
                0x0000000008002934       0x50 ./Core/Src/stm32f0xx_hal_msp.o
                0x0000000008002934                HAL_TIM_Base_MspInit
 .text.HAL_UART_MspInit
                0x0000000008002984       0xac ./Core/Src/stm32f0xx_hal_msp.o
                0x0000000008002984                HAL_UART_MspInit
 .text.NMI_Handler
                0x0000000008002a30        0x6 ./Core/Src/stm32f0xx_it.o
                0x0000000008002a30                NMI_Handler
 .text.HardFault_Handler
                0x0000000008002a36        0x6 ./Core/Src/stm32f0xx_it.o
                0x0000000008002a36                HardFault_Handler
 .text.SVC_Handler
                0x0000000008002a3c        0xa ./Core/Src/stm32f0xx_it.o
                0x0000000008002a3c                SVC_Handler
 .text.PendSV_Handler
                0x0000000008002a46        0xa ./Core/Src/stm32f0xx_it.o
                0x0000000008002a46                PendSV_Handler
 .text.SysTick_Handler
                0x0000000008002a50        0xe ./Core/Src/stm32f0xx_it.o
                0x0000000008002a50                SysTick_Handler
 .text.EXTI4_15_IRQHandler
                0x0000000008002a5e       0x1e ./Core/Src/stm32f0xx_it.o
                0x0000000008002a5e                EXTI4_15_IRQHandler
 .text.ADC1_COMP_IRQHandler
                0x0000000008002a7c       0x18 ./Core/Src/stm32f0xx_it.o
                0x0000000008002a7c                ADC1_COMP_IRQHandler
 .text.TIM14_IRQHandler
                0x0000000008002a94       0x18 ./Core/Src/stm32f0xx_it.o
                0x0000000008002a94                TIM14_IRQHandler
 .text.USART3_4_IRQHandler
                0x0000000008002aac       0x18 ./Core/Src/stm32f0xx_it.o
                0x0000000008002aac                USART3_4_IRQHandler
 .text.USB_IRQHandler
                0x0000000008002ac4       0x18 ./Core/Src/stm32f0xx_it.o
                0x0000000008002ac4                USB_IRQHandler
 .text._sbrk    0x0000000008002adc       0x6c ./Core/Src/sysmem.o
                0x0000000008002adc                _sbrk
 .text.SystemInit
                0x0000000008002b48        0xa ./Core/Src/system_stm32f0xx.o
                0x0000000008002b48                SystemInit
 *fill*         0x0000000008002b52        0x2 
 .text.currentPhase
                0x0000000008002b54       0x14 ./Core/Src/testHandle.o
                0x0000000008002b54                currentPhase
 .text.testHandler
                0x0000000008002b68      0x398 ./Core/Src/testHandle.o
                0x0000000008002b68                testHandler
 .text.startTest
                0x0000000008002f00       0xe0 ./Core/Src/testHandle.o
 .text.stopTest
                0x0000000008002fe0       0x6c ./Core/Src/testHandle.o
 .text.Reset_Handler
                0x000000000800304c       0x50 ./Core/Startup/startup_stm32f072rbtx.o
                0x000000000800304c                Reset_Handler
 .text.Default_Handler
                0x000000000800309c        0x2 ./Core/Startup/startup_stm32f072rbtx.o
                0x000000000800309c                TIM1_CC_IRQHandler
                0x000000000800309c                TSC_IRQHandler
                0x000000000800309c                I2C1_IRQHandler
                0x000000000800309c                RCC_CRS_IRQHandler
                0x000000000800309c                SPI1_IRQHandler
                0x000000000800309c                TIM6_DAC_IRQHandler
                0x000000000800309c                EXTI2_3_IRQHandler
                0x000000000800309c                I2C2_IRQHandler
                0x000000000800309c                TIM17_IRQHandler
                0x000000000800309c                CEC_CAN_IRQHandler
                0x000000000800309c                RTC_IRQHandler
                0x000000000800309c                PVD_VDDIO2_IRQHandler
                0x000000000800309c                DMA1_Channel4_5_6_7_IRQHandler
                0x000000000800309c                TIM16_IRQHandler
                0x000000000800309c                TIM3_IRQHandler
                0x000000000800309c                DMA1_Channel1_IRQHandler
                0x000000000800309c                Default_Handler
                0x000000000800309c                TIM7_IRQHandler
                0x000000000800309c                TIM15_IRQHandler
                0x000000000800309c                EXTI0_1_IRQHandler
                0x000000000800309c                SPI2_IRQHandler
                0x000000000800309c                WWDG_IRQHandler
                0x000000000800309c                TIM2_IRQHandler
                0x000000000800309c                DMA1_Channel2_3_IRQHandler
                0x000000000800309c                USART2_IRQHandler
                0x000000000800309c                FLASH_IRQHandler
                0x000000000800309c                USART1_IRQHandler
                0x000000000800309c                TIM1_BRK_UP_TRG_COM_IRQHandler
 *fill*         0x000000000800309e        0x2 
 .text.HAL_Init
                0x00000000080030a0       0x28 ./Drivers/STM32F0xx_HAL_Driver/Src/stm32f0xx_hal.o
                0x00000000080030a0                HAL_Init
 .text.HAL_InitTick
                0x00000000080030c8       0x68 ./Drivers/STM32F0xx_HAL_Driver/Src/stm32f0xx_hal.o
                0x00000000080030c8                HAL_InitTick
 .text.HAL_IncTick
                0x0000000008003130       0x24 ./Drivers/STM32F0xx_HAL_Driver/Src/stm32f0xx_hal.o
                0x0000000008003130                HAL_IncTick
 .text.HAL_GetTick
                0x0000000008003154       0x14 ./Drivers/STM32F0xx_HAL_Driver/Src/stm32f0xx_hal.o
                0x0000000008003154                HAL_GetTick
 .text.HAL_Delay
                0x0000000008003168       0x48 ./Drivers/STM32F0xx_HAL_Driver/Src/stm32f0xx_hal.o
                0x0000000008003168                HAL_Delay
 .text.HAL_ADC_Init
                0x00000000080031b0      0x280 ./Drivers/STM32F0xx_HAL_Driver/Src/stm32f0xx_hal_adc.o
                0x00000000080031b0                HAL_ADC_Init
 .text.HAL_ADC_Start_IT
                0x0000000008003430       0xe4 ./Drivers/STM32F0xx_HAL_Driver/Src/stm32f0xx_hal_adc.o
                0x0000000008003430                HAL_ADC_Start_IT
 .text.HAL_ADC_Stop_IT
                0x0000000008003514       0x94 ./Drivers/STM32F0xx_HAL_Driver/Src/stm32f0xx_hal_adc.o
                0x0000000008003514                HAL_ADC_Stop_IT
 .text.HAL_ADC_GetValue
                0x00000000080035a8       0x16 ./Drivers/STM32F0xx_HAL_Driver/Src/stm32f0xx_hal_adc.o
                0x00000000080035a8                HAL_ADC_GetValue
 *fill*         0x00000000080035be        0x2 
 .text.HAL_ADC_IRQHandler
                0x00000000080035c0      0x170 ./Drivers/STM32F0xx_HAL_Driver/Src/stm32f0xx_hal_adc.o
                0x00000000080035c0                HAL_ADC_IRQHandler
 .text.HAL_ADC_LevelOutOfWindowCallback
                0x0000000008003730       0x10 ./Drivers/STM32F0xx_HAL_Driver/Src/stm32f0xx_hal_adc.o
                0x0000000008003730                HAL_ADC_LevelOutOfWindowCallback
 .text.HAL_ADC_ErrorCallback
                0x0000000008003740       0x10 ./Drivers/STM32F0xx_HAL_Driver/Src/stm32f0xx_hal_adc.o
                0x0000000008003740                HAL_ADC_ErrorCallback
 .text.HAL_ADC_ConfigChannel
                0x0000000008003750      0x21c ./Drivers/STM32F0xx_HAL_Driver/Src/stm32f0xx_hal_adc.o
                0x0000000008003750                HAL_ADC_ConfigChannel
 .text.ADC_Enable
                0x000000000800396c      0x108 ./Drivers/STM32F0xx_HAL_Driver/Src/stm32f0xx_hal_adc.o
 .text.ADC_Disable
                0x0000000008003a74       0xe2 ./Drivers/STM32F0xx_HAL_Driver/Src/stm32f0xx_hal_adc.o
 .text.ADC_ConversionStop
                0x0000000008003b56       0x98 ./Drivers/STM32F0xx_HAL_Driver/Src/stm32f0xx_hal_adc.o
 *fill*         0x0000000008003bee        0x2 
 .text.__NVIC_EnableIRQ
                0x0000000008003bf0       0x34 ./Drivers/STM32F0xx_HAL_Driver/Src/stm32f0xx_hal_cortex.o
 .text.__NVIC_SetPriority
                0x0000000008003c24       0xdc ./Drivers/STM32F0xx_HAL_Driver/Src/stm32f0xx_hal_cortex.o
 .text.SysTick_Config
                0x0000000008003d00       0x48 ./Drivers/STM32F0xx_HAL_Driver/Src/stm32f0xx_hal_cortex.o
 .text.HAL_NVIC_SetPriority
                0x0000000008003d48       0x2a ./Drivers/STM32F0xx_HAL_Driver/Src/stm32f0xx_hal_cortex.o
                0x0000000008003d48                HAL_NVIC_SetPriority
 .text.HAL_NVIC_EnableIRQ
                0x0000000008003d72       0x20 ./Drivers/STM32F0xx_HAL_Driver/Src/stm32f0xx_hal_cortex.o
                0x0000000008003d72                HAL_NVIC_EnableIRQ
 .text.HAL_SYSTICK_Config
                0x0000000008003d92       0x1a ./Drivers/STM32F0xx_HAL_Driver/Src/stm32f0xx_hal_cortex.o
                0x0000000008003d92                HAL_SYSTICK_Config
 .text.HAL_DMA_Abort
                0x0000000008003dac       0x70 ./Drivers/STM32F0xx_HAL_Driver/Src/stm32f0xx_hal_dma.o
                0x0000000008003dac                HAL_DMA_Abort
 .text.HAL_DMA_Abort_IT
                0x0000000008003e1c       0x8a ./Drivers/STM32F0xx_HAL_Driver/Src/stm32f0xx_hal_dma.o
                0x0000000008003e1c                HAL_DMA_Abort_IT
 *fill*         0x0000000008003ea6        0x2 
 .text.HAL_GPIO_Init
                0x0000000008003ea8      0x2f0 ./Drivers/STM32F0xx_HAL_Driver/Src/stm32f0xx_hal_gpio.o
                0x0000000008003ea8                HAL_GPIO_Init
 .text.HAL_GPIO_ReadPin
                0x0000000008004198       0x3a ./Drivers/STM32F0xx_HAL_Driver/Src/stm32f0xx_hal_gpio.o
                0x0000000008004198                HAL_GPIO_ReadPin
 .text.HAL_GPIO_WritePin
                0x00000000080041d2       0x3a ./Drivers/STM32F0xx_HAL_Driver/Src/stm32f0xx_hal_gpio.o
                0x00000000080041d2                HAL_GPIO_WritePin
 .text.HAL_GPIO_TogglePin
                0x000000000800420c       0x36 ./Drivers/STM32F0xx_HAL_Driver/Src/stm32f0xx_hal_gpio.o
                0x000000000800420c                HAL_GPIO_TogglePin
 *fill*         0x0000000008004242        0x2 
 .text.HAL_GPIO_EXTI_IRQHandler
                0x0000000008004244       0x38 ./Drivers/STM32F0xx_HAL_Driver/Src/stm32f0xx_hal_gpio.o
                0x0000000008004244                HAL_GPIO_EXTI_IRQHandler
 .text.HAL_PCD_Init
                0x000000000800427c      0x220 ./Drivers/STM32F0xx_HAL_Driver/Src/stm32f0xx_hal_pcd.o
                0x000000000800427c                HAL_PCD_Init
 .text.HAL_PCD_Start
                0x000000000800449c       0x4a ./Drivers/STM32F0xx_HAL_Driver/Src/stm32f0xx_hal_pcd.o
                0x000000000800449c                HAL_PCD_Start
 *fill*         0x00000000080044e6        0x2 
 .text.HAL_PCD_IRQHandler
                0x00000000080044e8      0x2f8 ./Drivers/STM32F0xx_HAL_Driver/Src/stm32f0xx_hal_pcd.o
                0x00000000080044e8                HAL_PCD_IRQHandler
 .text.HAL_PCD_SetAddress
                0x00000000080047e0       0x56 ./Drivers/STM32F0xx_HAL_Driver/Src/stm32f0xx_hal_pcd.o
                0x00000000080047e0                HAL_PCD_SetAddress
 .text.HAL_PCD_EP_Open
                0x0000000008004836       0xf0 ./Drivers/STM32F0xx_HAL_Driver/Src/stm32f0xx_hal_pcd.o
                0x0000000008004836                HAL_PCD_EP_Open
 .text.HAL_PCD_EP_Close
                0x0000000008004926       0xa2 ./Drivers/STM32F0xx_HAL_Driver/Src/stm32f0xx_hal_pcd.o
                0x0000000008004926                HAL_PCD_EP_Close
 .text.HAL_PCD_EP_Receive
                0x00000000080049c8       0x88 ./Drivers/STM32F0xx_HAL_Driver/Src/stm32f0xx_hal_pcd.o
                0x00000000080049c8                HAL_PCD_EP_Receive
 .text.HAL_PCD_EP_GetRxCount
                0x0000000008004a50       0x32 ./Drivers/STM32F0xx_HAL_Driver/Src/stm32f0xx_hal_pcd.o
                0x0000000008004a50                HAL_PCD_EP_GetRxCount
 .text.HAL_PCD_EP_Transmit
                0x0000000008004a82       0x92 ./Drivers/STM32F0xx_HAL_Driver/Src/stm32f0xx_hal_pcd.o
                0x0000000008004a82                HAL_PCD_EP_Transmit
 .text.HAL_PCD_EP_SetStall
                0x0000000008004b14       0xb8 ./Drivers/STM32F0xx_HAL_Driver/Src/stm32f0xx_hal_pcd.o
                0x0000000008004b14                HAL_PCD_EP_SetStall
 .text.HAL_PCD_EP_ClrStall
                0x0000000008004bcc       0xbc ./Drivers/STM32F0xx_HAL_Driver/Src/stm32f0xx_hal_pcd.o
                0x0000000008004bcc                HAL_PCD_EP_ClrStall
 .text.PCD_EP_ISR_Handler
                0x0000000008004c88      0x7e4 ./Drivers/STM32F0xx_HAL_Driver/Src/stm32f0xx_hal_pcd.o
 .text.HAL_PCD_EP_DB_Receive
                0x000000000800546c      0x238 ./Drivers/STM32F0xx_HAL_Driver/Src/stm32f0xx_hal_pcd.o
 .text.HAL_PCD_EP_DB_Transmit
                0x00000000080056a4      0x7b4 ./Drivers/STM32F0xx_HAL_Driver/Src/stm32f0xx_hal_pcd.o
 .text.HAL_PCDEx_PMAConfig
                0x0000000008005e58       0x9c ./Drivers/STM32F0xx_HAL_Driver/Src/stm32f0xx_hal_pcd_ex.o
                0x0000000008005e58                HAL_PCDEx_PMAConfig
 .text.HAL_PCDEx_ActivateLPM
                0x0000000008005ef4       0x54 ./Drivers/STM32F0xx_HAL_Driver/Src/stm32f0xx_hal_pcd_ex.o
                0x0000000008005ef4                HAL_PCDEx_ActivateLPM
 .text.HAL_PCDEx_LPM_Callback
                0x0000000008005f48       0x16 ./Drivers/STM32F0xx_HAL_Driver/Src/stm32f0xx_hal_pcd_ex.o
                0x0000000008005f48                HAL_PCDEx_LPM_Callback
 *fill*         0x0000000008005f5e        0x2 
 .text.HAL_RCC_OscConfig
                0x0000000008005f60      0x70c ./Drivers/STM32F0xx_HAL_Driver/Src/stm32f0xx_hal_rcc.o
                0x0000000008005f60                HAL_RCC_OscConfig
 .text.HAL_RCC_ClockConfig
                0x000000000800666c      0x1b4 ./Drivers/STM32F0xx_HAL_Driver/Src/stm32f0xx_hal_rcc.o
                0x000000000800666c                HAL_RCC_ClockConfig
 .text.HAL_RCC_GetSysClockFreq
                0x0000000008006820      0x104 ./Drivers/STM32F0xx_HAL_Driver/Src/stm32f0xx_hal_rcc.o
                0x0000000008006820                HAL_RCC_GetSysClockFreq
 .text.HAL_RCC_GetHCLKFreq
                0x0000000008006924       0x14 ./Drivers/STM32F0xx_HAL_Driver/Src/stm32f0xx_hal_rcc.o
                0x0000000008006924                HAL_RCC_GetHCLKFreq
 .text.HAL_RCC_GetPCLK1Freq
                0x0000000008006938       0x2c ./Drivers/STM32F0xx_HAL_Driver/Src/stm32f0xx_hal_rcc.o
                0x0000000008006938                HAL_RCC_GetPCLK1Freq
 .text.HAL_RCCEx_PeriphCLKConfig
                0x0000000008006964      0x1fc ./Drivers/STM32F0xx_HAL_Driver/Src/stm32f0xx_hal_rcc_ex.o
                0x0000000008006964                HAL_RCCEx_PeriphCLKConfig
 .text.HAL_SPI_Init
                0x0000000008006b60      0x170 ./Drivers/STM32F0xx_HAL_Driver/Src/stm32f0xx_hal_spi.o
                0x0000000008006b60                HAL_SPI_Init
 .text.HAL_SPI_Transmit
                0x0000000008006cd0      0x2b0 ./Drivers/STM32F0xx_HAL_Driver/Src/stm32f0xx_hal_spi.o
                0x0000000008006cd0                HAL_SPI_Transmit
 .text.HAL_SPI_TransmitReceive
                0x0000000008006f80      0x3a4 ./Drivers/STM32F0xx_HAL_Driver/Src/stm32f0xx_hal_spi.o
                0x0000000008006f80                HAL_SPI_TransmitReceive
 .text.SPI_WaitFlagStateUntilTimeout
                0x0000000008007324      0x11c ./Drivers/STM32F0xx_HAL_Driver/Src/stm32f0xx_hal_spi.o
 .text.SPI_WaitFifoStateUntilTimeout
                0x0000000008007440      0x144 ./Drivers/STM32F0xx_HAL_Driver/Src/stm32f0xx_hal_spi.o
 .text.SPI_EndRxTxTransaction
                0x0000000008007584       0x8c ./Drivers/STM32F0xx_HAL_Driver/Src/stm32f0xx_hal_spi.o
 .text.HAL_TIM_Base_Init
                0x0000000008007610       0xa0 ./Drivers/STM32F0xx_HAL_Driver/Src/stm32f0xx_hal_tim.o
                0x0000000008007610                HAL_TIM_Base_Init
 .text.HAL_TIM_Base_Start_IT
                0x00000000080076b0       0xa4 ./Drivers/STM32F0xx_HAL_Driver/Src/stm32f0xx_hal_tim.o
                0x00000000080076b0                HAL_TIM_Base_Start_IT
 .text.HAL_TIM_OC_Init
                0x0000000008007754       0xa0 ./Drivers/STM32F0xx_HAL_Driver/Src/stm32f0xx_hal_tim.o
                0x0000000008007754                HAL_TIM_OC_Init
 .text.HAL_TIM_OC_MspInit
                0x00000000080077f4       0x10 ./Drivers/STM32F0xx_HAL_Driver/Src/stm32f0xx_hal_tim.o
                0x00000000080077f4                HAL_TIM_OC_MspInit
 .text.HAL_TIM_IRQHandler
                0x0000000008007804      0x22c ./Drivers/STM32F0xx_HAL_Driver/Src/stm32f0xx_hal_tim.o
                0x0000000008007804                HAL_TIM_IRQHandler
 .text.HAL_TIM_OC_ConfigChannel
                0x0000000008007a30       0xb0 ./Drivers/STM32F0xx_HAL_Driver/Src/stm32f0xx_hal_tim.o
                0x0000000008007a30                HAL_TIM_OC_ConfigChannel
 .text.HAL_TIM_OC_DelayElapsedCallback
                0x0000000008007ae0       0x10 ./Drivers/STM32F0xx_HAL_Driver/Src/stm32f0xx_hal_tim.o
                0x0000000008007ae0                HAL_TIM_OC_DelayElapsedCallback
 .text.HAL_TIM_IC_CaptureCallback
                0x0000000008007af0       0x10 ./Drivers/STM32F0xx_HAL_Driver/Src/stm32f0xx_hal_tim.o
                0x0000000008007af0                HAL_TIM_IC_CaptureCallback
 .text.HAL_TIM_PWM_PulseFinishedCallback
                0x0000000008007b00       0x10 ./Drivers/STM32F0xx_HAL_Driver/Src/stm32f0xx_hal_tim.o
                0x0000000008007b00                HAL_TIM_PWM_PulseFinishedCallback
 .text.HAL_TIM_TriggerCallback
                0x0000000008007b10       0x10 ./Drivers/STM32F0xx_HAL_Driver/Src/stm32f0xx_hal_tim.o
                0x0000000008007b10                HAL_TIM_TriggerCallback
 .text.TIM_Base_SetConfig
                0x0000000008007b20      0x100 ./Drivers/STM32F0xx_HAL_Driver/Src/stm32f0xx_hal_tim.o
                0x0000000008007b20                TIM_Base_SetConfig
 .text.TIM_OC1_SetConfig
                0x0000000008007c20      0x110 ./Drivers/STM32F0xx_HAL_Driver/Src/stm32f0xx_hal_tim.o
 .text.TIM_OC2_SetConfig
                0x0000000008007d30      0x108 ./Drivers/STM32F0xx_HAL_Driver/Src/stm32f0xx_hal_tim.o
                0x0000000008007d30                TIM_OC2_SetConfig
 .text.TIM_OC3_SetConfig
                0x0000000008007e38      0x10c ./Drivers/STM32F0xx_HAL_Driver/Src/stm32f0xx_hal_tim.o
 .text.TIM_OC4_SetConfig
                0x0000000008007f44       0xd4 ./Drivers/STM32F0xx_HAL_Driver/Src/stm32f0xx_hal_tim.o
 .text.HAL_TIMEx_CommutCallback
                0x0000000008008018       0x10 ./Drivers/STM32F0xx_HAL_Driver/Src/stm32f0xx_hal_tim_ex.o
                0x0000000008008018                HAL_TIMEx_CommutCallback
 .text.HAL_TIMEx_BreakCallback
                0x0000000008008028       0x10 ./Drivers/STM32F0xx_HAL_Driver/Src/stm32f0xx_hal_tim_ex.o
                0x0000000008008028                HAL_TIMEx_BreakCallback
 .text.HAL_UART_Init
                0x0000000008008038       0xa8 ./Drivers/STM32F0xx_HAL_Driver/Src/stm32f0xx_hal_uart.o
                0x0000000008008038                HAL_UART_Init
 .text.HAL_UART_IRQHandler
                0x00000000080080e0      0x5b0 ./Drivers/STM32F0xx_HAL_Driver/Src/stm32f0xx_hal_uart.o
                0x00000000080080e0                HAL_UART_IRQHandler
 .text.HAL_UART_TxCpltCallback
                0x0000000008008690       0x10 ./Drivers/STM32F0xx_HAL_Driver/Src/stm32f0xx_hal_uart.o
                0x0000000008008690                HAL_UART_TxCpltCallback
 .text.HAL_UART_ErrorCallback
                0x00000000080086a0       0x10 ./Drivers/STM32F0xx_HAL_Driver/Src/stm32f0xx_hal_uart.o
                0x00000000080086a0                HAL_UART_ErrorCallback
 .text.HAL_UARTEx_RxEventCallback
                0x00000000080086b0       0x16 ./Drivers/STM32F0xx_HAL_Driver/Src/stm32f0xx_hal_uart.o
                0x00000000080086b0                HAL_UARTEx_RxEventCallback
 *fill*         0x00000000080086c6        0x2 
 .text.UART_SetConfig
                0x00000000080086c8      0x310 ./Drivers/STM32F0xx_HAL_Driver/Src/stm32f0xx_hal_uart.o
                0x00000000080086c8                UART_SetConfig
 .text.UART_AdvFeatureConfig
                0x00000000080089d8      0x168 ./Drivers/STM32F0xx_HAL_Driver/Src/stm32f0xx_hal_uart.o
                0x00000000080089d8                UART_AdvFeatureConfig
 .text.UART_CheckIdleState
                0x0000000008008b40       0x90 ./Drivers/STM32F0xx_HAL_Driver/Src/stm32f0xx_hal_uart.o
                0x0000000008008b40                UART_CheckIdleState
 .text.UART_WaitOnFlagUntilTimeout
                0x0000000008008bd0      0x188 ./Drivers/STM32F0xx_HAL_Driver/Src/stm32f0xx_hal_uart.o
                0x0000000008008bd0                UART_WaitOnFlagUntilTimeout
 .text.UART_EndRxTransfer
                0x0000000008008d58       0xc4 ./Drivers/STM32F0xx_HAL_Driver/Src/stm32f0xx_hal_uart.o
 .text.UART_DMAAbortOnError
                0x0000000008008e1c       0x2e ./Drivers/STM32F0xx_HAL_Driver/Src/stm32f0xx_hal_uart.o
 .text.UART_EndTransmit_IT
                0x0000000008008e4a       0x56 ./Drivers/STM32F0xx_HAL_Driver/Src/stm32f0xx_hal_uart.o
 .text.HAL_UARTEx_WakeupCallback
                0x0000000008008ea0       0x10 ./Drivers/STM32F0xx_HAL_Driver/Src/stm32f0xx_hal_uart_ex.o
                0x0000000008008ea0                HAL_UARTEx_WakeupCallback
 .text.USB_EnableGlobalInt
                0x0000000008008eb0       0x2c ./Drivers/STM32F0xx_HAL_Driver/Src/stm32f0xx_ll_usb.o
                0x0000000008008eb0                USB_EnableGlobalInt
 .text.USB_DisableGlobalInt
                0x0000000008008edc       0x34 ./Drivers/STM32F0xx_HAL_Driver/Src/stm32f0xx_ll_usb.o
                0x0000000008008edc                USB_DisableGlobalInt
 .text.USB_DevInit
                0x0000000008008f10       0x58 ./Drivers/STM32F0xx_HAL_Driver/Src/stm32f0xx_ll_usb.o
                0x0000000008008f10                USB_DevInit
 .text.USB_ActivateEndpoint
                0x0000000008008f68      0x6e8 ./Drivers/STM32F0xx_HAL_Driver/Src/stm32f0xx_ll_usb.o
                0x0000000008008f68                USB_ActivateEndpoint
 .text.USB_DeactivateEndpoint
                0x0000000008009650      0x380 ./Drivers/STM32F0xx_HAL_Driver/Src/stm32f0xx_ll_usb.o
                0x0000000008009650                USB_DeactivateEndpoint
 .text.USB_EPStartXfer
                0x00000000080099d0     0x1174 ./Drivers/STM32F0xx_HAL_Driver/Src/stm32f0xx_ll_usb.o
                0x00000000080099d0                USB_EPStartXfer
 .text.USB_EPSetStall
                0x000000000800ab44       0xa0 ./Drivers/STM32F0xx_HAL_Driver/Src/stm32f0xx_ll_usb.o
                0x000000000800ab44                USB_EPSetStall
 .text.USB_EPClearStall
                0x000000000800abe4      0x164 ./Drivers/STM32F0xx_HAL_Driver/Src/stm32f0xx_ll_usb.o
                0x000000000800abe4                USB_EPClearStall
 .text.USB_SetDevAddress
                0x000000000800ad48       0x28 ./Drivers/STM32F0xx_HAL_Driver/Src/stm32f0xx_ll_usb.o
                0x000000000800ad48                USB_SetDevAddress
 .text.USB_DevConnect
                0x000000000800ad70       0x2c ./Drivers/STM32F0xx_HAL_Driver/Src/stm32f0xx_ll_usb.o
                0x000000000800ad70                USB_DevConnect
 .text.USB_ReadInterrupts
                0x000000000800ad9c       0x1c ./Drivers/STM32F0xx_HAL_Driver/Src/stm32f0xx_ll_usb.o
                0x000000000800ad9c                USB_ReadInterrupts
 .text.USB_WritePMA
                0x000000000800adb8       0x88 ./Drivers/STM32F0xx_HAL_Driver/Src/stm32f0xx_ll_usb.o
                0x000000000800adb8                USB_WritePMA
 .text.USB_ReadPMA
                0x000000000800ae40       0x9e ./Drivers/STM32F0xx_HAL_Driver/Src/stm32f0xx_ll_usb.o
                0x000000000800ae40                USB_ReadPMA
 .text.USBD_CDC_Init
                0x000000000800aede      0x118 ./Middlewares/ST/STM32_USB_Device_Library/Class/CDC/Src/usbd_cdc.o
 .text.USBD_CDC_DeInit
                0x000000000800aff6       0x88 ./Middlewares/ST/STM32_USB_Device_Library/Class/CDC/Src/usbd_cdc.o
 *fill*         0x000000000800b07e        0x2 
 .text.USBD_CDC_Setup
                0x000000000800b080      0x190 ./Middlewares/ST/STM32_USB_Device_Library/Class/CDC/Src/usbd_cdc.o
 .text.USBD_CDC_DataIn
                0x000000000800b210       0xb6 ./Middlewares/ST/STM32_USB_Device_Library/Class/CDC/Src/usbd_cdc.o
 .text.USBD_CDC_DataOut
                0x000000000800b2c6       0x6a ./Middlewares/ST/STM32_USB_Device_Library/Class/CDC/Src/usbd_cdc.o
 .text.USBD_CDC_EP0_RxReady
                0x000000000800b330       0x60 ./Middlewares/ST/STM32_USB_Device_Library/Class/CDC/Src/usbd_cdc.o
 .text.USBD_CDC_GetFSCfgDesc
                0x000000000800b390       0x1c ./Middlewares/ST/STM32_USB_Device_Library/Class/CDC/Src/usbd_cdc.o
 .text.USBD_CDC_GetHSCfgDesc
                0x000000000800b3ac       0x1c ./Middlewares/ST/STM32_USB_Device_Library/Class/CDC/Src/usbd_cdc.o
 .text.USBD_CDC_GetOtherSpeedCfgDesc
                0x000000000800b3c8       0x1c ./Middlewares/ST/STM32_USB_Device_Library/Class/CDC/Src/usbd_cdc.o
 .text.USBD_CDC_GetDeviceQualifierDescriptor
                0x000000000800b3e4       0x1c ./Middlewares/ST/STM32_USB_Device_Library/Class/CDC/Src/usbd_cdc.o
                0x000000000800b3e4                USBD_CDC_GetDeviceQualifierDescriptor
 .text.USBD_CDC_RegisterInterface
                0x000000000800b400       0x36 ./Middlewares/ST/STM32_USB_Device_Library/Class/CDC/Src/usbd_cdc.o
                0x000000000800b400                USBD_CDC_RegisterInterface
 .text.USBD_CDC_SetTxBuffer
                0x000000000800b436       0x38 ./Middlewares/ST/STM32_USB_Device_Library/Class/CDC/Src/usbd_cdc.o
                0x000000000800b436                USBD_CDC_SetTxBuffer
 .text.USBD_CDC_SetRxBuffer
                0x000000000800b46e       0x28 ./Middlewares/ST/STM32_USB_Device_Library/Class/CDC/Src/usbd_cdc.o
                0x000000000800b46e                USBD_CDC_SetRxBuffer
 .text.USBD_CDC_TransmitPacket
                0x000000000800b496       0x6e ./Middlewares/ST/STM32_USB_Device_Library/Class/CDC/Src/usbd_cdc.o
                0x000000000800b496                USBD_CDC_TransmitPacket
 .text.USBD_CDC_ReceivePacket
                0x000000000800b504       0x5c ./Middlewares/ST/STM32_USB_Device_Library/Class/CDC/Src/usbd_cdc.o
                0x000000000800b504                USBD_CDC_ReceivePacket
 .text.USBD_Init
                0x000000000800b560       0x62 ./Middlewares/ST/STM32_USB_Device_Library/Core/Src/usbd_core.o
                0x000000000800b560                USBD_Init
 .text.USBD_RegisterClass
                0x000000000800b5c2       0x40 ./Middlewares/ST/STM32_USB_Device_Library/Core/Src/usbd_core.o
                0x000000000800b5c2                USBD_RegisterClass
 .text.USBD_Start
                0x000000000800b602       0x1a ./Middlewares/ST/STM32_USB_Device_Library/Core/Src/usbd_core.o
                0x000000000800b602                USBD_Start
 .text.USBD_RunTestMode
                0x000000000800b61c       0x12 ./Middlewares/ST/STM32_USB_Device_Library/Core/Src/usbd_core.o
                0x000000000800b61c                USBD_RunTestMode
 .text.USBD_SetClassConfig
                0x000000000800b62e       0x4e ./Middlewares/ST/STM32_USB_Device_Library/Core/Src/usbd_core.o
                0x000000000800b62e                USBD_SetClassConfig
 .text.USBD_ClrClassConfig
                0x000000000800b67c       0x2c ./Middlewares/ST/STM32_USB_Device_Library/Core/Src/usbd_core.o
                0x000000000800b67c                USBD_ClrClassConfig
 .text.USBD_LL_SetupStage
                0x000000000800b6a8       0xbc ./Middlewares/ST/STM32_USB_Device_Library/Core/Src/usbd_core.o
                0x000000000800b6a8                USBD_LL_SetupStage
 .text.USBD_LL_DataOutStage
                0x000000000800b764      0x104 ./Middlewares/ST/STM32_USB_Device_Library/Core/Src/usbd_core.o
                0x000000000800b764                USBD_LL_DataOutStage
 .text.USBD_LL_DataInStage
                0x000000000800b868      0x17a ./Middlewares/ST/STM32_USB_Device_Library/Core/Src/usbd_core.o
                0x000000000800b868                USBD_LL_DataInStage
 .text.USBD_LL_Reset
                0x000000000800b9e2       0x90 ./Middlewares/ST/STM32_USB_Device_Library/Core/Src/usbd_core.o
                0x000000000800b9e2                USBD_LL_Reset
 .text.USBD_LL_SetSpeed
                0x000000000800ba72       0x20 ./Middlewares/ST/STM32_USB_Device_Library/Core/Src/usbd_core.o
                0x000000000800ba72                USBD_LL_SetSpeed
 *fill*         0x000000000800ba92        0x2 
 .text.USBD_LL_Suspend
                0x000000000800ba94       0x30 ./Middlewares/ST/STM32_USB_Device_Library/Core/Src/usbd_core.o
                0x000000000800ba94                USBD_LL_Suspend
 .text.USBD_LL_Resume
                0x000000000800bac4       0x30 ./Middlewares/ST/STM32_USB_Device_Library/Core/Src/usbd_core.o
                0x000000000800bac4                USBD_LL_Resume
 .text.USBD_LL_SOF
                0x000000000800baf4       0x3c ./Middlewares/ST/STM32_USB_Device_Library/Core/Src/usbd_core.o
                0x000000000800baf4                USBD_LL_SOF
 .text.USBD_StdDevReq
                0x000000000800bb30       0xe4 ./Middlewares/ST/STM32_USB_Device_Library/Core/Src/usbd_ctlreq.o
                0x000000000800bb30                USBD_StdDevReq
 .text.USBD_StdItfReq
                0x000000000800bc14       0xae ./Middlewares/ST/STM32_USB_Device_Library/Core/Src/usbd_ctlreq.o
                0x000000000800bc14                USBD_StdItfReq
 .text.USBD_StdEPReq
                0x000000000800bcc2      0x36c ./Middlewares/ST/STM32_USB_Device_Library/Core/Src/usbd_ctlreq.o
                0x000000000800bcc2                USBD_StdEPReq
 *fill*         0x000000000800c02e        0x2 
 .text.USBD_GetDescriptor
                0x000000000800c030      0x364 ./Middlewares/ST/STM32_USB_Device_Library/Core/Src/usbd_ctlreq.o
 .text.USBD_SetAddress
                0x000000000800c394       0xa8 ./Middlewares/ST/STM32_USB_Device_Library/Core/Src/usbd_ctlreq.o
 .text.USBD_SetConfig
                0x000000000800c43c      0x148 ./Middlewares/ST/STM32_USB_Device_Library/Core/Src/usbd_ctlreq.o
 .text.USBD_GetConfig
                0x000000000800c584       0x76 ./Middlewares/ST/STM32_USB_Device_Library/Core/Src/usbd_ctlreq.o
 .text.USBD_GetStatus
                0x000000000800c5fa       0x74 ./Middlewares/ST/STM32_USB_Device_Library/Core/Src/usbd_ctlreq.o
 .text.USBD_SetFeature
                0x000000000800c66e       0x2c ./Middlewares/ST/STM32_USB_Device_Library/Core/Src/usbd_ctlreq.o
 .text.USBD_ClrFeature
                0x000000000800c69a       0x4c ./Middlewares/ST/STM32_USB_Device_Library/Core/Src/usbd_ctlreq.o
 .text.USBD_ParseSetupRequest
                0x000000000800c6e6       0x76 ./Middlewares/ST/STM32_USB_Device_Library/Core/Src/usbd_ctlreq.o
                0x000000000800c6e6                USBD_ParseSetupRequest
 .text.USBD_CtlError
                0x000000000800c75c       0x26 ./Middlewares/ST/STM32_USB_Device_Library/Core/Src/usbd_ctlreq.o
                0x000000000800c75c                USBD_CtlError
 .text.USBD_GetString
                0x000000000800c782       0x9c ./Middlewares/ST/STM32_USB_Device_Library/Core/Src/usbd_ctlreq.o
                0x000000000800c782                USBD_GetString
 .text.USBD_GetLen
                0x000000000800c81e       0x3a ./Middlewares/ST/STM32_USB_Device_Library/Core/Src/usbd_ctlreq.o
 .text.USBD_CtlSendData
                0x000000000800c858       0x40 ./Middlewares/ST/STM32_USB_Device_Library/Core/Src/usbd_ioreq.o
                0x000000000800c858                USBD_CtlSendData
 .text.USBD_CtlContinueSendData
                0x000000000800c898       0x26 ./Middlewares/ST/STM32_USB_Device_Library/Core/Src/usbd_ioreq.o
                0x000000000800c898                USBD_CtlContinueSendData
 .text.USBD_CtlPrepareRx
                0x000000000800c8be       0x48 ./Middlewares/ST/STM32_USB_Device_Library/Core/Src/usbd_ioreq.o
                0x000000000800c8be                USBD_CtlPrepareRx
 .text.USBD_CtlContinueRx
                0x000000000800c906       0x26 ./Middlewares/ST/STM32_USB_Device_Library/Core/Src/usbd_ioreq.o
                0x000000000800c906                USBD_CtlContinueRx
 .text.USBD_CtlSendStatus
                0x000000000800c92c       0x28 ./Middlewares/ST/STM32_USB_Device_Library/Core/Src/usbd_ioreq.o
                0x000000000800c92c                USBD_CtlSendStatus
 .text.USBD_CtlReceiveStatus
                0x000000000800c954       0x28 ./Middlewares/ST/STM32_USB_Device_Library/Core/Src/usbd_ioreq.o
                0x000000000800c954                USBD_CtlReceiveStatus
 .text.MX_USB_DEVICE_Init
                0x000000000800c97c       0x68 ./USB_DEVICE/App/usb_device.o
                0x000000000800c97c                MX_USB_DEVICE_Init
 .text.CDC_Init_FS
                0x000000000800c9e4       0x30 ./USB_DEVICE/App/usbd_cdc_if.o
 .text.CDC_DeInit_FS
                0x000000000800ca14        0xc ./USB_DEVICE/App/usbd_cdc_if.o
 .text.CDC_Control_FS
                0x000000000800ca20       0x38 ./USB_DEVICE/App/usbd_cdc_if.o
 .text.CDC_Receive_FS
                0x000000000800ca58       0x78 ./USB_DEVICE/App/usbd_cdc_if.o
 .text.CDC_Transmit_FS
                0x000000000800cad0       0x60 ./USB_DEVICE/App/usbd_cdc_if.o
                0x000000000800cad0                CDC_Transmit_FS
 .text.USBD_FS_DeviceDescriptor
                0x000000000800cb30       0x24 ./USB_DEVICE/App/usbd_desc.o
                0x000000000800cb30                USBD_FS_DeviceDescriptor
 .text.USBD_FS_LangIDStrDescriptor
                0x000000000800cb54       0x24 ./USB_DEVICE/App/usbd_desc.o
                0x000000000800cb54                USBD_FS_LangIDStrDescriptor
 .text.USBD_FS_ProductStrDescriptor
                0x000000000800cb78       0x44 ./USB_DEVICE/App/usbd_desc.o
                0x000000000800cb78                USBD_FS_ProductStrDescriptor
 .text.USBD_FS_ManufacturerStrDescriptor
                0x000000000800cbbc       0x2c ./USB_DEVICE/App/usbd_desc.o
                0x000000000800cbbc                USBD_FS_ManufacturerStrDescriptor
 .text.USBD_FS_SerialStrDescriptor
                0x000000000800cbe8       0x28 ./USB_DEVICE/App/usbd_desc.o
                0x000000000800cbe8                USBD_FS_SerialStrDescriptor
 .text.USBD_FS_ConfigStrDescriptor
                0x000000000800cc10       0x44 ./USB_DEVICE/App/usbd_desc.o
                0x000000000800cc10                USBD_FS_ConfigStrDescriptor
 .text.USBD_FS_InterfaceStrDescriptor
                0x000000000800cc54       0x44 ./USB_DEVICE/App/usbd_desc.o
                0x000000000800cc54                USBD_FS_InterfaceStrDescriptor
 .text.Get_SerialNum
                0x000000000800cc98       0x5c ./USB_DEVICE/App/usbd_desc.o
 .text.IntToUnicode
                0x000000000800ccf4       0x96 ./USB_DEVICE/App/usbd_desc.o
 *fill*         0x000000000800cd8a        0x2 
 .text.HAL_PCD_MspInit
                0x000000000800cd8c       0x50 ./USB_DEVICE/Target/usbd_conf.o
                0x000000000800cd8c                HAL_PCD_MspInit
 .text.HAL_PCD_SetupStageCallback
                0x000000000800cddc       0x2a ./USB_DEVICE/Target/usbd_conf.o
                0x000000000800cddc                HAL_PCD_SetupStageCallback
 .text.HAL_PCD_DataOutStageCallback
                0x000000000800ce06       0x42 ./USB_DEVICE/Target/usbd_conf.o
                0x000000000800ce06                HAL_PCD_DataOutStageCallback
 .text.HAL_PCD_DataInStageCallback
                0x000000000800ce48       0x3c ./USB_DEVICE/Target/usbd_conf.o
                0x000000000800ce48                HAL_PCD_DataInStageCallback
 .text.HAL_PCD_SOFCallback
                0x000000000800ce84       0x1e ./USB_DEVICE/Target/usbd_conf.o
                0x000000000800ce84                HAL_PCD_SOFCallback
 .text.HAL_PCD_ResetCallback
                0x000000000800cea2       0x48 ./USB_DEVICE/Target/usbd_conf.o
                0x000000000800cea2                HAL_PCD_ResetCallback
 *fill*         0x000000000800ceea        0x2 
 .text.HAL_PCD_SuspendCallback
                0x000000000800ceec       0x38 ./USB_DEVICE/Target/usbd_conf.o
                0x000000000800ceec                HAL_PCD_SuspendCallback
 .text.HAL_PCD_ResumeCallback
                0x000000000800cf24       0x3c ./USB_DEVICE/Target/usbd_conf.o
                0x000000000800cf24                HAL_PCD_ResumeCallback
 .text.USBD_LL_Init
                0x000000000800cf60       0xc8 ./USB_DEVICE/Target/usbd_conf.o
                0x000000000800cf60                USBD_LL_Init
 .text.USBD_LL_Start
                0x000000000800d028       0x4a ./USB_DEVICE/Target/usbd_conf.o
                0x000000000800d028                USBD_LL_Start
 .text.USBD_LL_OpenEP
                0x000000000800d072       0x6e ./USB_DEVICE/Target/usbd_conf.o
                0x000000000800d072                USBD_LL_OpenEP
 .text.USBD_LL_CloseEP
                0x000000000800d0e0       0x56 ./USB_DEVICE/Target/usbd_conf.o
                0x000000000800d0e0                USBD_LL_CloseEP
 .text.USBD_LL_StallEP
                0x000000000800d136       0x56 ./USB_DEVICE/Target/usbd_conf.o
                0x000000000800d136                USBD_LL_StallEP
 .text.USBD_LL_ClearStallEP
                0x000000000800d18c       0x56 ./USB_DEVICE/Target/usbd_conf.o
                0x000000000800d18c                USBD_LL_ClearStallEP
 .text.USBD_LL_IsStallEP
                0x000000000800d1e2       0x62 ./USB_DEVICE/Target/usbd_conf.o
                0x000000000800d1e2                USBD_LL_IsStallEP
 .text.USBD_LL_SetUSBAddress
                0x000000000800d244       0x56 ./USB_DEVICE/Target/usbd_conf.o
                0x000000000800d244                USBD_LL_SetUSBAddress
 .text.USBD_LL_Transmit
                0x000000000800d29a       0x6e ./USB_DEVICE/Target/usbd_conf.o
                0x000000000800d29a                USBD_LL_Transmit
 .text.USBD_LL_PrepareReceive
                0x000000000800d308       0x6e ./USB_DEVICE/Target/usbd_conf.o
                0x000000000800d308                USBD_LL_PrepareReceive
 .text.USBD_LL_GetRxDataSize
                0x000000000800d376       0x2c ./USB_DEVICE/Target/usbd_conf.o
                0x000000000800d376                USBD_LL_GetRxDataSize
 *fill*         0x000000000800d3a2        0x2 
 .text.USBD_static_malloc
                0x000000000800d3a4       0x18 ./USB_DEVICE/Target/usbd_conf.o
                0x000000000800d3a4                USBD_static_malloc
 .text.USBD_static_free
                0x000000000800d3bc       0x10 ./USB_DEVICE/Target/usbd_conf.o
                0x000000000800d3bc                USBD_static_free
 .text.SystemClockConfig_Resume
                0x000000000800d3cc        0xe ./USB_DEVICE/Target/usbd_conf.o
 .text.USBD_Get_USB_Status
                0x000000000800d3da       0x6e ./USB_DEVICE/Target/usbd_conf.o
 .text.__errno  0x000000000800d448        0xc d:/st/stm32cubeide_1.7.0/stm32cubeide/plugins/com.st.stm32cube.ide.mcu.externaltools.gnu-tools-for-stm32.9-2020-q2-update.win32_2.0.0.202105311346/tools/bin/../lib/gcc/arm-none-eabi/9.3.1/../../../../arm-none-eabi/lib/thumb/v6-m/nofp\libc_nano.a(lib_a-errno.o)
                0x000000000800d448                __errno
 .text.__libc_init_array
                0x000000000800d454       0x48 d:/st/stm32cubeide_1.7.0/stm32cubeide/plugins/com.st.stm32cube.ide.mcu.externaltools.gnu-tools-for-stm32.9-2020-q2-update.win32_2.0.0.202105311346/tools/bin/../lib/gcc/arm-none-eabi/9.3.1/../../../../arm-none-eabi/lib/thumb/v6-m/nofp\libc_nano.a(lib_a-init.o)
                0x000000000800d454                __libc_init_array
 .text.malloc   0x000000000800d49c       0x14 d:/st/stm32cubeide_1.7.0/stm32cubeide/plugins/com.st.stm32cube.ide.mcu.externaltools.gnu-tools-for-stm32.9-2020-q2-update.win32_2.0.0.202105311346/tools/bin/../lib/gcc/arm-none-eabi/9.3.1/../../../../arm-none-eabi/lib/thumb/v6-m/nofp\libc_nano.a(lib_a-malloc.o)
                0x000000000800d49c                malloc
 .text.free     0x000000000800d4b0       0x14 d:/st/stm32cubeide_1.7.0/stm32cubeide/plugins/com.st.stm32cube.ide.mcu.externaltools.gnu-tools-for-stm32.9-2020-q2-update.win32_2.0.0.202105311346/tools/bin/../lib/gcc/arm-none-eabi/9.3.1/../../../../arm-none-eabi/lib/thumb/v6-m/nofp\libc_nano.a(lib_a-malloc.o)
                0x000000000800d4b0                free
 .text.memcpy   0x000000000800d4c4       0x12 d:/st/stm32cubeide_1.7.0/stm32cubeide/plugins/com.st.stm32cube.ide.mcu.externaltools.gnu-tools-for-stm32.9-2020-q2-update.win32_2.0.0.202105311346/tools/bin/../lib/gcc/arm-none-eabi/9.3.1/../../../../arm-none-eabi/lib/thumb/v6-m/nofp\libc_nano.a(lib_a-memcpy-stub.o)
                0x000000000800d4c4                memcpy
 .text.memset   0x000000000800d4d6       0x10 d:/st/stm32cubeide_1.7.0/stm32cubeide/plugins/com.st.stm32cube.ide.mcu.externaltools.gnu-tools-for-stm32.9-2020-q2-update.win32_2.0.0.202105311346/tools/bin/../lib/gcc/arm-none-eabi/9.3.1/../../../../arm-none-eabi/lib/thumb/v6-m/nofp\libc_nano.a(lib_a-memset.o)
                0x000000000800d4d6                memset
 *fill*         0x000000000800d4e6        0x2 
 .text._free_r  0x000000000800d4e8       0x94 d:/st/stm32cubeide_1.7.0/stm32cubeide/plugins/com.st.stm32cube.ide.mcu.externaltools.gnu-tools-for-stm32.9-2020-q2-update.win32_2.0.0.202105311346/tools/bin/../lib/gcc/arm-none-eabi/9.3.1/../../../../arm-none-eabi/lib/thumb/v6-m/nofp\libc_nano.a(lib_a-nano-freer.o)
                0x000000000800d4e8                _free_r
 .text._malloc_r
                0x000000000800d57c       0xbc d:/st/stm32cubeide_1.7.0/stm32cubeide/plugins/com.st.stm32cube.ide.mcu.externaltools.gnu-tools-for-stm32.9-2020-q2-update.win32_2.0.0.202105311346/tools/bin/../lib/gcc/arm-none-eabi/9.3.1/../../../../arm-none-eabi/lib/thumb/v6-m/nofp\libc_nano.a(lib_a-nano-mallocr.o)
                0x000000000800d57c                _malloc_r
 .text._sbrk_r  0x000000000800d638       0x24 d:/st/stm32cubeide_1.7.0/stm32cubeide/plugins/com.st.stm32cube.ide.mcu.externaltools.gnu-tools-for-stm32.9-2020-q2-update.win32_2.0.0.202105311346/tools/bin/../lib/gcc/arm-none-eabi/9.3.1/../../../../arm-none-eabi/lib/thumb/v6-m/nofp\libc_nano.a(lib_a-sbrkr.o)
                0x000000000800d638                _sbrk_r
 .text.sprintf  0x000000000800d65c       0x40 d:/st/stm32cubeide_1.7.0/stm32cubeide/plugins/com.st.stm32cube.ide.mcu.externaltools.gnu-tools-for-stm32.9-2020-q2-update.win32_2.0.0.202105311346/tools/bin/../lib/gcc/arm-none-eabi/9.3.1/../../../../arm-none-eabi/lib/thumb/v6-m/nofp\libc_nano.a(lib_a-sprintf.o)
                0x000000000800d65c                siprintf
                0x000000000800d65c                sprintf
 .text.__malloc_lock
                0x000000000800d69c       0x10 d:/st/stm32cubeide_1.7.0/stm32cubeide/plugins/com.st.stm32cube.ide.mcu.externaltools.gnu-tools-for-stm32.9-2020-q2-update.win32_2.0.0.202105311346/tools/bin/../lib/gcc/arm-none-eabi/9.3.1/../../../../arm-none-eabi/lib/thumb/v6-m/nofp\libc_nano.a(lib_a-mlock.o)
                0x000000000800d69c                __malloc_lock
 .text.__malloc_unlock
                0x000000000800d6ac       0x10 d:/st/stm32cubeide_1.7.0/stm32cubeide/plugins/com.st.stm32cube.ide.mcu.externaltools.gnu-tools-for-stm32.9-2020-q2-update.win32_2.0.0.202105311346/tools/bin/../lib/gcc/arm-none-eabi/9.3.1/../../../../arm-none-eabi/lib/thumb/v6-m/nofp\libc_nano.a(lib_a-mlock.o)
                0x000000000800d6ac                __malloc_unlock
 .text.__ssputs_r
                0x000000000800d6bc       0xc4 d:/st/stm32cubeide_1.7.0/stm32cubeide/plugins/com.st.stm32cube.ide.mcu.externaltools.gnu-tools-for-stm32.9-2020-q2-update.win32_2.0.0.202105311346/tools/bin/../lib/gcc/arm-none-eabi/9.3.1/../../../../arm-none-eabi/lib/thumb/v6-m/nofp\libc_nano.a(lib_a-nano-svfprintf.o)
                0x000000000800d6bc                __ssputs_r
 .text._svfprintf_r
                0x000000000800d780      0x200 d:/st/stm32cubeide_1.7.0/stm32cubeide/plugins/com.st.stm32cube.ide.mcu.externaltools.gnu-tools-for-stm32.9-2020-q2-update.win32_2.0.0.202105311346/tools/bin/../lib/gcc/arm-none-eabi/9.3.1/../../../../arm-none-eabi/lib/thumb/v6-m/nofp\libc_nano.a(lib_a-nano-svfprintf.o)
                0x000000000800d780                _svfiprintf_r
                0x000000000800d780                _svfprintf_r
 .text._printf_common
                0x000000000800d980       0xde d:/st/stm32cubeide_1.7.0/stm32cubeide/plugins/com.st.stm32cube.ide.mcu.externaltools.gnu-tools-for-stm32.9-2020-q2-update.win32_2.0.0.202105311346/tools/bin/../lib/gcc/arm-none-eabi/9.3.1/../../../../arm-none-eabi/lib/thumb/v6-m/nofp\libc_nano.a(lib_a-nano-vfprintf_i.o)
                0x000000000800d980                _printf_common
 *fill*         0x000000000800da5e        0x2 
 .text._printf_i
                0x000000000800da60      0x224 d:/st/stm32cubeide_1.7.0/stm32cubeide/plugins/com.st.stm32cube.ide.mcu.externaltools.gnu-tools-for-stm32.9-2020-q2-update.win32_2.0.0.202105311346/tools/bin/../lib/gcc/arm-none-eabi/9.3.1/../../../../arm-none-eabi/lib/thumb/v6-m/nofp\libc_nano.a(lib_a-nano-vfprintf_i.o)
                0x000000000800da60                _printf_i
 .text.__retarget_lock_acquire_recursive
                0x000000000800dc84        0x2 d:/st/stm32cubeide_1.7.0/stm32cubeide/plugins/com.st.stm32cube.ide.mcu.externaltools.gnu-tools-for-stm32.9-2020-q2-update.win32_2.0.0.202105311346/tools/bin/../lib/gcc/arm-none-eabi/9.3.1/../../../../arm-none-eabi/lib/thumb/v6-m/nofp\libc_nano.a(lib_a-lock.o)
                0x000000000800dc84                __retarget_lock_acquire_recursive
 .text.__retarget_lock_release_recursive
                0x000000000800dc86        0x2 d:/st/stm32cubeide_1.7.0/stm32cubeide/plugins/com.st.stm32cube.ide.mcu.externaltools.gnu-tools-for-stm32.9-2020-q2-update.win32_2.0.0.202105311346/tools/bin/../lib/gcc/arm-none-eabi/9.3.1/../../../../arm-none-eabi/lib/thumb/v6-m/nofp\libc_nano.a(lib_a-lock.o)
                0x000000000800dc86                __retarget_lock_release_recursive
 .text.memchr   0x000000000800dc88       0x16 d:/st/stm32cubeide_1.7.0/stm32cubeide/plugins/com.st.stm32cube.ide.mcu.externaltools.gnu-tools-for-stm32.9-2020-q2-update.win32_2.0.0.202105311346/tools/bin/../lib/gcc/arm-none-eabi/9.3.1/../../../../arm-none-eabi/lib/thumb/v6-m/nofp\libc_nano.a(lib_a-memchr-stub.o)
                0x000000000800dc88                memchr
 .text.memmove  0x000000000800dc9e       0x26 d:/st/stm32cubeide_1.7.0/stm32cubeide/plugins/com.st.stm32cube.ide.mcu.externaltools.gnu-tools-for-stm32.9-2020-q2-update.win32_2.0.0.202105311346/tools/bin/../lib/gcc/arm-none-eabi/9.3.1/../../../../arm-none-eabi/lib/thumb/v6-m/nofp\libc_nano.a(lib_a-memmove.o)
                0x000000000800dc9e                memmove
 .text._realloc_r
                0x000000000800dcc4       0x4c d:/st/stm32cubeide_1.7.0/stm32cubeide/plugins/com.st.stm32cube.ide.mcu.externaltools.gnu-tools-for-stm32.9-2020-q2-update.win32_2.0.0.202105311346/tools/bin/../lib/gcc/arm-none-eabi/9.3.1/../../../../arm-none-eabi/lib/thumb/v6-m/nofp\libc_nano.a(lib_a-nano-reallocr.o)
                0x000000000800dcc4                _realloc_r
 .text._malloc_usable_size_r
                0x000000000800dd10       0x10 d:/st/stm32cubeide_1.7.0/stm32cubeide/plugins/com.st.stm32cube.ide.mcu.externaltools.gnu-tools-for-stm32.9-2020-q2-update.win32_2.0.0.202105311346/tools/bin/../lib/gcc/arm-none-eabi/9.3.1/../../../../arm-none-eabi/lib/thumb/v6-m/nofp\libc_nano.a(lib_a-nano-msizer.o)
                0x000000000800dd10                _malloc_usable_size_r
 *(.glue_7)
 .glue_7        0x000000000800dd20        0x0 linker stubs
 *(.glue_7t)
 .glue_7t       0x000000000800dd20        0x0 linker stubs
 *(.eh_frame)
 .eh_frame      0x000000000800dd20        0x0 d:/st/stm32cubeide_1.7.0/stm32cubeide/plugins/com.st.stm32cube.ide.mcu.externaltools.gnu-tools-for-stm32.9-2020-q2-update.win32_2.0.0.202105311346/tools/bin/../lib/gcc/arm-none-eabi/9.3.1/thumb/v6-m/nofp/crtbegin.o
 *(.init)
 .init          0x000000000800dd20        0x4 d:/st/stm32cubeide_1.7.0/stm32cubeide/plugins/com.st.stm32cube.ide.mcu.externaltools.gnu-tools-for-stm32.9-2020-q2-update.win32_2.0.0.202105311346/tools/bin/../lib/gcc/arm-none-eabi/9.3.1/thumb/v6-m/nofp/crti.o
                0x000000000800dd20                _init
 .init          0x000000000800dd24        0x8 d:/st/stm32cubeide_1.7.0/stm32cubeide/plugins/com.st.stm32cube.ide.mcu.externaltools.gnu-tools-for-stm32.9-2020-q2-update.win32_2.0.0.202105311346/tools/bin/../lib/gcc/arm-none-eabi/9.3.1/thumb/v6-m/nofp/crtn.o
 *(.fini)
 .fini          0x000000000800dd2c        0x4 d:/st/stm32cubeide_1.7.0/stm32cubeide/plugins/com.st.stm32cube.ide.mcu.externaltools.gnu-tools-for-stm32.9-2020-q2-update.win32_2.0.0.202105311346/tools/bin/../lib/gcc/arm-none-eabi/9.3.1/thumb/v6-m/nofp/crti.o
                0x000000000800dd2c                _fini
 .fini          0x000000000800dd30        0x8 d:/st/stm32cubeide_1.7.0/stm32cubeide/plugins/com.st.stm32cube.ide.mcu.externaltools.gnu-tools-for-stm32.9-2020-q2-update.win32_2.0.0.202105311346/tools/bin/../lib/gcc/arm-none-eabi/9.3.1/thumb/v6-m/nofp/crtn.o
                0x000000000800dd38                . = ALIGN (0x4)
                0x000000000800dd38                _etext = .

.vfp11_veneer   0x000000000800dd38        0x0
 .vfp11_veneer  0x000000000800dd38        0x0 linker stubs

.v4_bx          0x000000000800dd38        0x0
 .v4_bx         0x000000000800dd38        0x0 linker stubs

.iplt           0x000000000800dd38        0x0
 .iplt          0x000000000800dd38        0x0 d:/st/stm32cubeide_1.7.0/stm32cubeide/plugins/com.st.stm32cube.ide.mcu.externaltools.gnu-tools-for-stm32.9-2020-q2-update.win32_2.0.0.202105311346/tools/bin/../lib/gcc/arm-none-eabi/9.3.1/thumb/v6-m/nofp/crtbegin.o

.rodata         0x000000000800dd38      0x35c
                0x000000000800dd38                . = ALIGN (0x4)
 *(.rodata)
 .rodata        0x000000000800dd38       0x13 ./Core/Src/comHandle.o
 *fill*         0x000000000800dd4b        0x1 
 .rodata        0x000000000800dd4c       0x8e ./Core/Src/main.o
 *fill*         0x000000000800ddda        0x2 
 .rodata        0x000000000800dddc       0x1c ./Core/Src/testHandle.o
 .rodata        0x000000000800ddf8       0x20 ./Drivers/STM32F0xx_HAL_Driver/Src/stm32f0xx_hal_rcc.o
 .rodata        0x000000000800de18       0x46 ./USB_DEVICE/App/usbd_desc.o
 *(.rodata*)
 *fill*         0x000000000800de5e        0x2 
 .rodata.comHandler
                0x000000000800de60       0x1c ./Core/Src/comHandle.o
 .rodata.decodePaket
                0x000000000800de7c       0x4c ./Core/Src/comHandle.o
 .rodata.ADC_ChannelConf
                0x000000000800dec8       0x40 ./Core/Src/main.o
                0x000000000800dec8                ADC_ChannelConf
 .rodata.dispHandler
                0x000000000800df08       0x1c ./Core/Src/main.o
 .rodata.UI_Handler
                0x000000000800df24       0x18 ./Core/Src/main.o
 .rodata.AHBPrescTable
                0x000000000800df3c       0x10 ./Core/Src/system_stm32f0xx.o
                0x000000000800df3c                AHBPrescTable
 .rodata.APBPrescTable
                0x000000000800df4c        0x8 ./Core/Src/system_stm32f0xx.o
                0x000000000800df4c                APBPrescTable
 .rodata.testHandler
                0x000000000800df54       0x1c ./Core/Src/testHandle.o
 .rodata.USBD_StdDevReq
                0x000000000800df70       0x28 ./Middlewares/ST/STM32_USB_Device_Library/Core/Src/usbd_ctlreq.o
 .rodata.USBD_GetDescriptor
                0x000000000800df98       0x38 ./Middlewares/ST/STM32_USB_Device_Library/Core/Src/usbd_ctlreq.o
 .rodata.CDC_Control_FS
                0x000000000800dfd0       0x90 ./USB_DEVICE/App/usbd_cdc_if.o
 .rodata._svfprintf_r.str1.1
                0x000000000800e060       0x11 d:/st/stm32cubeide_1.7.0/stm32cubeide/plugins/com.st.stm32cube.ide.mcu.externaltools.gnu-tools-for-stm32.9-2020-q2-update.win32_2.0.0.202105311346/tools/bin/../lib/gcc/arm-none-eabi/9.3.1/../../../../arm-none-eabi/lib/thumb/v6-m/nofp\libc_nano.a(lib_a-nano-svfprintf.o)
 .rodata._printf_i.str1.1
                0x000000000800e071       0x22 d:/st/stm32cubeide_1.7.0/stm32cubeide/plugins/com.st.stm32cube.ide.mcu.externaltools.gnu-tools-for-stm32.9-2020-q2-update.win32_2.0.0.202105311346/tools/bin/../lib/gcc/arm-none-eabi/9.3.1/../../../../arm-none-eabi/lib/thumb/v6-m/nofp\libc_nano.a(lib_a-nano-vfprintf_i.o)
                0x000000000800e094                . = ALIGN (0x4)
 *fill*         0x000000000800e093        0x1 

.rel.dyn        0x000000000800e094        0x0
 .rel.iplt      0x000000000800e094        0x0 d:/st/stm32cubeide_1.7.0/stm32cubeide/plugins/com.st.stm32cube.ide.mcu.externaltools.gnu-tools-for-stm32.9-2020-q2-update.win32_2.0.0.202105311346/tools/bin/../lib/gcc/arm-none-eabi/9.3.1/thumb/v6-m/nofp/crtbegin.o

.ARM.extab      0x000000000800e094        0x0
                0x000000000800e094                . = ALIGN (0x4)
 *(.ARM.extab* .gnu.linkonce.armextab.*)
                0x000000000800e094                . = ALIGN (0x4)

.ARM            0x000000000800e094        0x0
                0x000000000800e094                . = ALIGN (0x4)
                0x000000000800e094                __exidx_start = .
 *(.ARM.exidx*)
                0x000000000800e094                __exidx_end = .
                0x000000000800e094                . = ALIGN (0x4)

.preinit_array  0x000000000800e094        0x0
                0x000000000800e094                . = ALIGN (0x4)
                0x000000000800e094                PROVIDE (__preinit_array_start = .)
 *(.preinit_array*)
                0x000000000800e094                PROVIDE (__preinit_array_end = .)
                0x000000000800e094                . = ALIGN (0x4)

.init_array     0x000000000800e094        0x4
                0x000000000800e094                . = ALIGN (0x4)
                0x000000000800e094                PROVIDE (__init_array_start = .)
 *(SORT_BY_NAME(.init_array.*))
 *(.init_array*)
 .init_array    0x000000000800e094        0x4 d:/st/stm32cubeide_1.7.0/stm32cubeide/plugins/com.st.stm32cube.ide.mcu.externaltools.gnu-tools-for-stm32.9-2020-q2-update.win32_2.0.0.202105311346/tools/bin/../lib/gcc/arm-none-eabi/9.3.1/thumb/v6-m/nofp/crtbegin.o
                0x000000000800e098                PROVIDE (__init_array_end = .)
                0x000000000800e098                . = ALIGN (0x4)

.fini_array     0x000000000800e098        0x4
                0x000000000800e098                . = ALIGN (0x4)
                [!provide]                        PROVIDE (__fini_array_start = .)
 *(SORT_BY_NAME(.fini_array.*))
 *(.fini_array*)
 .fini_array    0x000000000800e098        0x4 d:/st/stm32cubeide_1.7.0/stm32cubeide/plugins/com.st.stm32cube.ide.mcu.externaltools.gnu-tools-for-stm32.9-2020-q2-update.win32_2.0.0.202105311346/tools/bin/../lib/gcc/arm-none-eabi/9.3.1/thumb/v6-m/nofp/crtbegin.o
                [!provide]                        PROVIDE (__fini_array_end = .)
                0x000000000800e09c                . = ALIGN (0x4)
                0x000000000800e09c                _sidata = LOADADDR (.data)

.data           0x0000000020000000      0x1e0 load address 0x000000000800e09c
                0x0000000020000000                . = ALIGN (0x4)
                0x0000000020000000                _sdata = .
 *(.data)
 *(.data*)
 .data.SystemCoreClock
                0x0000000020000000        0x4 ./Core/Src/system_stm32f0xx.o
                0x0000000020000000                SystemCoreClock
 .data.uwTickPrio
                0x0000000020000004        0x4 ./Drivers/STM32F0xx_HAL_Driver/Src/stm32f0xx_hal.o
                0x0000000020000004                uwTickPrio
 .data.uwTickFreq
                0x0000000020000008        0x1 ./Drivers/STM32F0xx_HAL_Driver/Src/stm32f0xx_hal.o
                0x0000000020000008                uwTickFreq
 *fill*         0x0000000020000009        0x3 
 .data.USBD_CDC_DeviceQualifierDesc
                0x000000002000000c        0xa ./Middlewares/ST/STM32_USB_Device_Library/Class/CDC/Src/usbd_cdc.o
 *fill*         0x0000000020000016        0x2 
 .data.USBD_CDC
                0x0000000020000018       0x38 ./Middlewares/ST/STM32_USB_Device_Library/Class/CDC/Src/usbd_cdc.o
                0x0000000020000018                USBD_CDC
 .data.USBD_CDC_CfgHSDesc
                0x0000000020000050       0x43 ./Middlewares/ST/STM32_USB_Device_Library/Class/CDC/Src/usbd_cdc.o
                0x0000000020000050                USBD_CDC_CfgHSDesc
 *fill*         0x0000000020000093        0x1 
 .data.USBD_CDC_CfgFSDesc
                0x0000000020000094       0x43 ./Middlewares/ST/STM32_USB_Device_Library/Class/CDC/Src/usbd_cdc.o
                0x0000000020000094                USBD_CDC_CfgFSDesc
 *fill*         0x00000000200000d7        0x1 
 .data.USBD_CDC_OtherSpeedCfgDesc
                0x00000000200000d8       0x43 ./Middlewares/ST/STM32_USB_Device_Library/Class/CDC/Src/usbd_cdc.o
                0x00000000200000d8                USBD_CDC_OtherSpeedCfgDesc
 *fill*         0x000000002000011b        0x1 
 .data.USBD_Interface_fops_FS
                0x000000002000011c       0x10 ./USB_DEVICE/App/usbd_cdc_if.o
                0x000000002000011c                USBD_Interface_fops_FS
 .data.FS_Desc  0x000000002000012c       0x1c ./USB_DEVICE/App/usbd_desc.o
                0x000000002000012c                FS_Desc
 .data.USBD_FS_DeviceDesc
                0x0000000020000148       0x12 ./USB_DEVICE/App/usbd_desc.o
                0x0000000020000148                USBD_FS_DeviceDesc
 *fill*         0x000000002000015a        0x2 
 .data.USBD_LangIDDesc
                0x000000002000015c        0x4 ./USB_DEVICE/App/usbd_desc.o
                0x000000002000015c                USBD_LangIDDesc
 .data.USBD_StringSerial
                0x0000000020000160       0x1a ./USB_DEVICE/App/usbd_desc.o
                0x0000000020000160                USBD_StringSerial
 *fill*         0x000000002000017a        0x2 
 .data._impure_ptr
                0x000000002000017c        0x4 d:/st/stm32cubeide_1.7.0/stm32cubeide/plugins/com.st.stm32cube.ide.mcu.externaltools.gnu-tools-for-stm32.9-2020-q2-update.win32_2.0.0.202105311346/tools/bin/../lib/gcc/arm-none-eabi/9.3.1/../../../../arm-none-eabi/lib/thumb/v6-m/nofp\libc_nano.a(lib_a-impure.o)
                0x000000002000017c                _impure_ptr
 .data.impure_data
                0x0000000020000180       0x60 d:/st/stm32cubeide_1.7.0/stm32cubeide/plugins/com.st.stm32cube.ide.mcu.externaltools.gnu-tools-for-stm32.9-2020-q2-update.win32_2.0.0.202105311346/tools/bin/../lib/gcc/arm-none-eabi/9.3.1/../../../../arm-none-eabi/lib/thumb/v6-m/nofp\libc_nano.a(lib_a-impure.o)
 *(.RamFunc)
 *(.RamFunc*)
                0x00000000200001e0                . = ALIGN (0x4)
                0x00000000200001e0                _edata = .

.igot.plt       0x00000000200001e0        0x0 load address 0x000000000800e27c
 .igot.plt      0x00000000200001e0        0x0 d:/st/stm32cubeide_1.7.0/stm32cubeide/plugins/com.st.stm32cube.ide.mcu.externaltools.gnu-tools-for-stm32.9-2020-q2-update.win32_2.0.0.202105311346/tools/bin/../lib/gcc/arm-none-eabi/9.3.1/thumb/v6-m/nofp/crtbegin.o
                0x00000000200001e0                . = ALIGN (0x4)

.bss            0x00000000200001e0     0x1468 load address 0x000000000800e27c
                0x00000000200001e0                _sbss = .
                0x00000000200001e0                __bss_start__ = _sbss
 *(.bss)
 .bss           0x00000000200001e0       0x1c d:/st/stm32cubeide_1.7.0/stm32cubeide/plugins/com.st.stm32cube.ide.mcu.externaltools.gnu-tools-for-stm32.9-2020-q2-update.win32_2.0.0.202105311346/tools/bin/../lib/gcc/arm-none-eabi/9.3.1/thumb/v6-m/nofp/crtbegin.o
 *(.bss*)
 .bss.colour    0x00000000200001fc        0x1 ./Core/Src/lcd.o
 *fill*         0x00000000200001fd        0x3 
 .bss.ADC_Results
                0x0000000020000200       0x40 ./Core/Src/main.o
                0x0000000020000200                ADC_Results
 .bss.sysTime   0x0000000020000240       0x10 ./Core/Src/main.o
                0x0000000020000240                sysTime
 .bss.button0_Debounce
                0x0000000020000250        0x1 ./Core/Src/main.o
                0x0000000020000250                button0_Debounce
 .bss.button1_Debounce
                0x0000000020000251        0x1 ./Core/Src/main.o
                0x0000000020000251                button1_Debounce
 .bss.supplyToTest
                0x0000000020000252        0x1 ./Core/Src/main.o
                0x0000000020000252                supplyToTest
 *fill*         0x0000000020000253        0x1 
 .bss.startTime_LCD.9059
                0x0000000020000254        0x4 ./Core/Src/main.o
 .bss.UI_State.9067
                0x0000000020000258        0x1 ./Core/Src/main.o
 *fill*         0x0000000020000259        0x3 
 .bss.startTime.9068
                0x000000002000025c        0x4 ./Core/Src/main.o
 .bss.ADC_State.9079
                0x0000000020000260        0x1 ./Core/Src/main.o
 *fill*         0x0000000020000261        0x3 
 .bss.__sbrk_heap_end
                0x0000000020000264        0x4 ./Core/Src/sysmem.o
 .bss.testPhase
                0x0000000020000268        0x1 ./Core/Src/testHandle.o
 *fill*         0x0000000020000269        0x3 
 .bss.testNum   0x000000002000026c        0x4 ./Core/Src/testHandle.o
                0x000000002000026c                testNum
 .bss.cfgidx.8999
                0x0000000020000270        0x1 ./Middlewares/ST/STM32_USB_Device_Library/Core/Src/usbd_ctlreq.o
 *fill*         0x0000000020000271        0x3 
 .bss.mem.9068  0x0000000020000274      0x220 ./USB_DEVICE/Target/usbd_conf.o
 .bss.__malloc_free_list
                0x0000000020000494        0x4 d:/st/stm32cubeide_1.7.0/stm32cubeide/plugins/com.st.stm32cube.ide.mcu.externaltools.gnu-tools-for-stm32.9-2020-q2-update.win32_2.0.0.202105311346/tools/bin/../lib/gcc/arm-none-eabi/9.3.1/../../../../arm-none-eabi/lib/thumb/v6-m/nofp\libc_nano.a(lib_a-nano-mallocr.o)
                0x0000000020000494                __malloc_free_list
 .bss.__malloc_sbrk_start
                0x0000000020000498        0x4 d:/st/stm32cubeide_1.7.0/stm32cubeide/plugins/com.st.stm32cube.ide.mcu.externaltools.gnu-tools-for-stm32.9-2020-q2-update.win32_2.0.0.202105311346/tools/bin/../lib/gcc/arm-none-eabi/9.3.1/../../../../arm-none-eabi/lib/thumb/v6-m/nofp\libc_nano.a(lib_a-nano-mallocr.o)
                0x0000000020000498                __malloc_sbrk_start
 *(COMMON)
 COMMON         0x000000002000049c       0x20 ./Core/Src/comHandle.o
                0x000000002000049c                USB_Tx_Buffer
                0x00000000200004a0                data
                0x00000000200004b0                dispBuffer
                0x00000000200004b4                dispState
                0x00000000200004b8                dispConfig
 COMMON         0x00000000200004bc      0x1dc ./Core/Src/main.o
                0x00000000200004bc                ADC_Buffer
                0x000000002000050c                huart3
                0x0000000020000590                hspi1
                0x00000000200005f4                htim14
                0x000000002000063c                flags
                0x0000000020000658                hadc
 COMMON         0x0000000020000698        0xc ./Core/Src/shiftReg.o
                0x0000000020000698                regValues
                0x000000002000069c                regState
                0x000000002000069d                regCount
                0x00000000200006a0                regBuffer
 COMMON         0x00000000200006a4        0x4 ./Core/Src/testHandle.o
                0x00000000200006a4                sourceInTesting
 COMMON         0x00000000200006a8        0x4 ./Drivers/STM32F0xx_HAL_Driver/Src/stm32f0xx_hal.o
                0x00000000200006a8                uwTick
 COMMON         0x00000000200006ac      0x2c4 ./USB_DEVICE/App/usb_device.o
                0x00000000200006ac                hUsbDeviceFS
 COMMON         0x0000000020000970      0x7d4 ./USB_DEVICE/App/usbd_cdc_if.o
                0x0000000020000970                UserRxBufferFS
                0x0000000020000d58                UserTxBufferFS
                0x0000000020001140                USB_Rx_Buffer
 COMMON         0x0000000020001144      0x200 ./USB_DEVICE/App/usbd_desc.o
                0x0000000020001144                USBD_StrDesc
 COMMON         0x0000000020001344      0x2f4 ./USB_DEVICE/Target/usbd_conf.o
                0x0000000020001344                hpcd_USB_FS
 COMMON         0x0000000020001638        0x4 d:/st/stm32cubeide_1.7.0/stm32cubeide/plugins/com.st.stm32cube.ide.mcu.externaltools.gnu-tools-for-stm32.9-2020-q2-update.win32_2.0.0.202105311346/tools/bin/../lib/gcc/arm-none-eabi/9.3.1/../../../../arm-none-eabi/lib/thumb/v6-m/nofp\libc_nano.a(lib_a-reent.o)
                0x0000000020001638                errno
 COMMON         0x000000002000163c        0x9 d:/st/stm32cubeide_1.7.0/stm32cubeide/plugins/com.st.stm32cube.ide.mcu.externaltools.gnu-tools-for-stm32.9-2020-q2-update.win32_2.0.0.202105311346/tools/bin/../lib/gcc/arm-none-eabi/9.3.1/../../../../arm-none-eabi/lib/thumb/v6-m/nofp\libc_nano.a(lib_a-lock.o)
                0x000000002000163c                __lock___atexit_recursive_mutex
                0x000000002000163d                __lock___arc4random_mutex
                0x000000002000163e                __lock___env_recursive_mutex
                0x000000002000163f                __lock___sinit_recursive_mutex
                0x0000000020001640                __lock___malloc_recursive_mutex
                0x0000000020001641                __lock___at_quick_exit_mutex
                0x0000000020001642                __lock___dd_hash_mutex
                0x0000000020001643                __lock___tz_mutex
                0x0000000020001644                __lock___sfp_recursive_mutex
                0x0000000020001648                . = ALIGN (0x4)
 *fill*         0x0000000020001645        0x3 
                0x0000000020001648                _ebss = .
                0x0000000020001648                __bss_end__ = _ebss

._user_heap_stack
                0x0000000020001648      0x600 load address 0x000000000800e27c
                0x0000000020001648                . = ALIGN (0x8)
                [!provide]                        PROVIDE (end = .)
                0x0000000020001648                PROVIDE (_end = .)
                0x0000000020001848                . = (. + _Min_Heap_Size)
 *fill*         0x0000000020001648      0x200 
                0x0000000020001c48                . = (. + _Min_Stack_Size)
 *fill*         0x0000000020001848      0x400 
                0x0000000020001c48                . = ALIGN (0x8)

/DISCARD/
 libc.a(*)
 libm.a(*)
 libgcc.a(*)

.ARM.attributes
                0x0000000000000000       0x28
 *(.ARM.attributes)
 .ARM.attributes
                0x0000000000000000       0x1e d:/st/stm32cubeide_1.7.0/stm32cubeide/plugins/com.st.stm32cube.ide.mcu.externaltools.gnu-tools-for-stm32.9-2020-q2-update.win32_2.0.0.202105311346/tools/bin/../lib/gcc/arm-none-eabi/9.3.1/thumb/v6-m/nofp/crti.o
 .ARM.attributes
                0x000000000000001e       0x2c d:/st/stm32cubeide_1.7.0/stm32cubeide/plugins/com.st.stm32cube.ide.mcu.externaltools.gnu-tools-for-stm32.9-2020-q2-update.win32_2.0.0.202105311346/tools/bin/../lib/gcc/arm-none-eabi/9.3.1/thumb/v6-m/nofp/crtbegin.o
 .ARM.attributes
                0x000000000000004a       0x2c ./Core/Src/comHandle.o
 .ARM.attributes
                0x0000000000000076       0x2c ./Core/Src/lcd.o
 .ARM.attributes
                0x00000000000000a2       0x2c ./Core/Src/main.o
 .ARM.attributes
                0x00000000000000ce       0x2c ./Core/Src/ringBuffer.o
 .ARM.attributes
                0x00000000000000fa       0x2c ./Core/Src/shiftReg.o
 .ARM.attributes
                0x0000000000000126       0x2c ./Core/Src/stm32f0xx_hal_msp.o
 .ARM.attributes
                0x0000000000000152       0x2c ./Core/Src/stm32f0xx_it.o
 .ARM.attributes
                0x000000000000017e       0x2c ./Core/Src/sysmem.o
 .ARM.attributes
                0x00000000000001aa       0x2c ./Core/Src/system_stm32f0xx.o
 .ARM.attributes
                0x00000000000001d6       0x2c ./Core/Src/testHandle.o
 .ARM.attributes
                0x0000000000000202       0x21 ./Core/Startup/startup_stm32f072rbtx.o
 .ARM.attributes
                0x0000000000000223       0x2c ./Drivers/STM32F0xx_HAL_Driver/Src/stm32f0xx_hal.o
 .ARM.attributes
                0x000000000000024f       0x2c ./Drivers/STM32F0xx_HAL_Driver/Src/stm32f0xx_hal_adc.o
 .ARM.attributes
                0x000000000000027b       0x2c ./Drivers/STM32F0xx_HAL_Driver/Src/stm32f0xx_hal_cortex.o
 .ARM.attributes
                0x00000000000002a7       0x2c ./Drivers/STM32F0xx_HAL_Driver/Src/stm32f0xx_hal_dma.o
 .ARM.attributes
                0x00000000000002d3       0x2c ./Drivers/STM32F0xx_HAL_Driver/Src/stm32f0xx_hal_gpio.o
 .ARM.attributes
                0x00000000000002ff       0x2c ./Drivers/STM32F0xx_HAL_Driver/Src/stm32f0xx_hal_pcd.o
 .ARM.attributes
                0x000000000000032b       0x2c ./Drivers/STM32F0xx_HAL_Driver/Src/stm32f0xx_hal_pcd_ex.o
 .ARM.attributes
                0x0000000000000357       0x2c ./Drivers/STM32F0xx_HAL_Driver/Src/stm32f0xx_hal_rcc.o
 .ARM.attributes
                0x0000000000000383       0x2c ./Drivers/STM32F0xx_HAL_Driver/Src/stm32f0xx_hal_rcc_ex.o
 .ARM.attributes
                0x00000000000003af       0x2c ./Drivers/STM32F0xx_HAL_Driver/Src/stm32f0xx_hal_spi.o
 .ARM.attributes
                0x00000000000003db       0x2c ./Drivers/STM32F0xx_HAL_Driver/Src/stm32f0xx_hal_tim.o
 .ARM.attributes
                0x0000000000000407       0x2c ./Drivers/STM32F0xx_HAL_Driver/Src/stm32f0xx_hal_tim_ex.o
 .ARM.attributes
                0x0000000000000433       0x2c ./Drivers/STM32F0xx_HAL_Driver/Src/stm32f0xx_hal_uart.o
 .ARM.attributes
                0x000000000000045f       0x2c ./Drivers/STM32F0xx_HAL_Driver/Src/stm32f0xx_hal_uart_ex.o
 .ARM.attributes
                0x000000000000048b       0x2c ./Drivers/STM32F0xx_HAL_Driver/Src/stm32f0xx_ll_usb.o
 .ARM.attributes
                0x00000000000004b7       0x2c ./Middlewares/ST/STM32_USB_Device_Library/Class/CDC/Src/usbd_cdc.o
 .ARM.attributes
                0x00000000000004e3       0x2c ./Middlewares/ST/STM32_USB_Device_Library/Core/Src/usbd_core.o
 .ARM.attributes
                0x000000000000050f       0x2c ./Middlewares/ST/STM32_USB_Device_Library/Core/Src/usbd_ctlreq.o
 .ARM.attributes
                0x000000000000053b       0x2c ./Middlewares/ST/STM32_USB_Device_Library/Core/Src/usbd_ioreq.o
 .ARM.attributes
                0x0000000000000567       0x2c ./USB_DEVICE/App/usb_device.o
 .ARM.attributes
                0x0000000000000593       0x2c ./USB_DEVICE/App/usbd_cdc_if.o
 .ARM.attributes
                0x00000000000005bf       0x2c ./USB_DEVICE/App/usbd_desc.o
 .ARM.attributes
                0x00000000000005eb       0x2c ./USB_DEVICE/Target/usbd_conf.o
 .ARM.attributes
                0x0000000000000617       0x2c d:/st/stm32cubeide_1.7.0/stm32cubeide/plugins/com.st.stm32cube.ide.mcu.externaltools.gnu-tools-for-stm32.9-2020-q2-update.win32_2.0.0.202105311346/tools/bin/../lib/gcc/arm-none-eabi/9.3.1/../../../../arm-none-eabi/lib/thumb/v6-m/nofp\libc_nano.a(lib_a-errno.o)
 .ARM.attributes
                0x0000000000000643       0x2c d:/st/stm32cubeide_1.7.0/stm32cubeide/plugins/com.st.stm32cube.ide.mcu.externaltools.gnu-tools-for-stm32.9-2020-q2-update.win32_2.0.0.202105311346/tools/bin/../lib/gcc/arm-none-eabi/9.3.1/../../../../arm-none-eabi/lib/thumb/v6-m/nofp\libc_nano.a(lib_a-impure.o)
 .ARM.attributes
                0x000000000000066f       0x2c d:/st/stm32cubeide_1.7.0/stm32cubeide/plugins/com.st.stm32cube.ide.mcu.externaltools.gnu-tools-for-stm32.9-2020-q2-update.win32_2.0.0.202105311346/tools/bin/../lib/gcc/arm-none-eabi/9.3.1/../../../../arm-none-eabi/lib/thumb/v6-m/nofp\libc_nano.a(lib_a-init.o)
 .ARM.attributes
                0x000000000000069b       0x2c d:/st/stm32cubeide_1.7.0/stm32cubeide/plugins/com.st.stm32cube.ide.mcu.externaltools.gnu-tools-for-stm32.9-2020-q2-update.win32_2.0.0.202105311346/tools/bin/../lib/gcc/arm-none-eabi/9.3.1/../../../../arm-none-eabi/lib/thumb/v6-m/nofp\libc_nano.a(lib_a-malloc.o)
 .ARM.attributes
                0x00000000000006c7       0x2c d:/st/stm32cubeide_1.7.0/stm32cubeide/plugins/com.st.stm32cube.ide.mcu.externaltools.gnu-tools-for-stm32.9-2020-q2-update.win32_2.0.0.202105311346/tools/bin/../lib/gcc/arm-none-eabi/9.3.1/../../../../arm-none-eabi/lib/thumb/v6-m/nofp\libc_nano.a(lib_a-memcpy-stub.o)
 .ARM.attributes
                0x00000000000006f3       0x2c d:/st/stm32cubeide_1.7.0/stm32cubeide/plugins/com.st.stm32cube.ide.mcu.externaltools.gnu-tools-for-stm32.9-2020-q2-update.win32_2.0.0.202105311346/tools/bin/../lib/gcc/arm-none-eabi/9.3.1/../../../../arm-none-eabi/lib/thumb/v6-m/nofp\libc_nano.a(lib_a-memset.o)
 .ARM.attributes
                0x000000000000071f       0x2c d:/st/stm32cubeide_1.7.0/stm32cubeide/plugins/com.st.stm32cube.ide.mcu.externaltools.gnu-tools-for-stm32.9-2020-q2-update.win32_2.0.0.202105311346/tools/bin/../lib/gcc/arm-none-eabi/9.3.1/../../../../arm-none-eabi/lib/thumb/v6-m/nofp\libc_nano.a(lib_a-nano-freer.o)
 .ARM.attributes
                0x000000000000074b       0x2c d:/st/stm32cubeide_1.7.0/stm32cubeide/plugins/com.st.stm32cube.ide.mcu.externaltools.gnu-tools-for-stm32.9-2020-q2-update.win32_2.0.0.202105311346/tools/bin/../lib/gcc/arm-none-eabi/9.3.1/../../../../arm-none-eabi/lib/thumb/v6-m/nofp\libc_nano.a(lib_a-nano-mallocr.o)
 .ARM.attributes
                0x0000000000000777       0x2c d:/st/stm32cubeide_1.7.0/stm32cubeide/plugins/com.st.stm32cube.ide.mcu.externaltools.gnu-tools-for-stm32.9-2020-q2-update.win32_2.0.0.202105311346/tools/bin/../lib/gcc/arm-none-eabi/9.3.1/../../../../arm-none-eabi/lib/thumb/v6-m/nofp\libc_nano.a(lib_a-sbrkr.o)
 .ARM.attributes
                0x00000000000007a3       0x2c d:/st/stm32cubeide_1.7.0/stm32cubeide/plugins/com.st.stm32cube.ide.mcu.externaltools.gnu-tools-for-stm32.9-2020-q2-update.win32_2.0.0.202105311346/tools/bin/../lib/gcc/arm-none-eabi/9.3.1/../../../../arm-none-eabi/lib/thumb/v6-m/nofp\libc_nano.a(lib_a-sprintf.o)
 .ARM.attributes
                0x00000000000007cf       0x1c d:/st/stm32cubeide_1.7.0/stm32cubeide/plugins/com.st.stm32cube.ide.mcu.externaltools.gnu-tools-for-stm32.9-2020-q2-update.win32_2.0.0.202105311346/tools/bin/../lib/gcc/arm-none-eabi/9.3.1/../../../../arm-none-eabi/lib/thumb/v6-m/nofp\libc_nano.a(lib_a-strlen.o)
 .ARM.attributes
                0x00000000000007eb       0x2c d:/st/stm32cubeide_1.7.0/stm32cubeide/plugins/com.st.stm32cube.ide.mcu.externaltools.gnu-tools-for-stm32.9-2020-q2-update.win32_2.0.0.202105311346/tools/bin/../lib/gcc/arm-none-eabi/9.3.1/../../../../arm-none-eabi/lib/thumb/v6-m/nofp\libc_nano.a(lib_a-mlock.o)
 .ARM.attributes
                0x0000000000000817       0x2c d:/st/stm32cubeide_1.7.0/stm32cubeide/plugins/com.st.stm32cube.ide.mcu.externaltools.gnu-tools-for-stm32.9-2020-q2-update.win32_2.0.0.202105311346/tools/bin/../lib/gcc/arm-none-eabi/9.3.1/../../../../arm-none-eabi/lib/thumb/v6-m/nofp\libc_nano.a(lib_a-nano-svfprintf.o)
 .ARM.attributes
                0x0000000000000843       0x2c d:/st/stm32cubeide_1.7.0/stm32cubeide/plugins/com.st.stm32cube.ide.mcu.externaltools.gnu-tools-for-stm32.9-2020-q2-update.win32_2.0.0.202105311346/tools/bin/../lib/gcc/arm-none-eabi/9.3.1/../../../../arm-none-eabi/lib/thumb/v6-m/nofp\libc_nano.a(lib_a-nano-vfprintf_i.o)
 .ARM.attributes
                0x000000000000086f       0x2c d:/st/stm32cubeide_1.7.0/stm32cubeide/plugins/com.st.stm32cube.ide.mcu.externaltools.gnu-tools-for-stm32.9-2020-q2-update.win32_2.0.0.202105311346/tools/bin/../lib/gcc/arm-none-eabi/9.3.1/../../../../arm-none-eabi/lib/thumb/v6-m/nofp\libc_nano.a(lib_a-reent.o)
 .ARM.attributes
                0x000000000000089b       0x2c d:/st/stm32cubeide_1.7.0/stm32cubeide/plugins/com.st.stm32cube.ide.mcu.externaltools.gnu-tools-for-stm32.9-2020-q2-update.win32_2.0.0.202105311346/tools/bin/../lib/gcc/arm-none-eabi/9.3.1/../../../../arm-none-eabi/lib/thumb/v6-m/nofp\libc_nano.a(lib_a-lock.o)
 .ARM.attributes
                0x00000000000008c7       0x2c d:/st/stm32cubeide_1.7.0/stm32cubeide/plugins/com.st.stm32cube.ide.mcu.externaltools.gnu-tools-for-stm32.9-2020-q2-update.win32_2.0.0.202105311346/tools/bin/../lib/gcc/arm-none-eabi/9.3.1/../../../../arm-none-eabi/lib/thumb/v6-m/nofp\libc_nano.a(lib_a-memchr-stub.o)
 .ARM.attributes
                0x00000000000008f3       0x2c d:/st/stm32cubeide_1.7.0/stm32cubeide/plugins/com.st.stm32cube.ide.mcu.externaltools.gnu-tools-for-stm32.9-2020-q2-update.win32_2.0.0.202105311346/tools/bin/../lib/gcc/arm-none-eabi/9.3.1/../../../../arm-none-eabi/lib/thumb/v6-m/nofp\libc_nano.a(lib_a-memmove.o)
 .ARM.attributes
                0x000000000000091f       0x2c d:/st/stm32cubeide_1.7.0/stm32cubeide/plugins/com.st.stm32cube.ide.mcu.externaltools.gnu-tools-for-stm32.9-2020-q2-update.win32_2.0.0.202105311346/tools/bin/../lib/gcc/arm-none-eabi/9.3.1/../../../../arm-none-eabi/lib/thumb/v6-m/nofp\libc_nano.a(lib_a-nano-reallocr.o)
 .ARM.attributes
                0x000000000000094b       0x2c d:/st/stm32cubeide_1.7.0/stm32cubeide/plugins/com.st.stm32cube.ide.mcu.externaltools.gnu-tools-for-stm32.9-2020-q2-update.win32_2.0.0.202105311346/tools/bin/../lib/gcc/arm-none-eabi/9.3.1/../../../../arm-none-eabi/lib/thumb/v6-m/nofp\libc_nano.a(lib_a-nano-msizer.o)
 .ARM.attributes
                0x0000000000000977       0x1e d:/st/stm32cubeide_1.7.0/stm32cubeide/plugins/com.st.stm32cube.ide.mcu.externaltools.gnu-tools-for-stm32.9-2020-q2-update.win32_2.0.0.202105311346/tools/bin/../lib/gcc/arm-none-eabi/9.3.1/thumb/v6-m/nofp\libgcc.a(_thumb1_case_shi.o)
 .ARM.attributes
                0x0000000000000995       0x1e d:/st/stm32cubeide_1.7.0/stm32cubeide/plugins/com.st.stm32cube.ide.mcu.externaltools.gnu-tools-for-stm32.9-2020-q2-update.win32_2.0.0.202105311346/tools/bin/../lib/gcc/arm-none-eabi/9.3.1/thumb/v6-m/nofp\libgcc.a(_udivsi3.o)
 .ARM.attributes
                0x00000000000009b3       0x1e d:/st/stm32cubeide_1.7.0/stm32cubeide/plugins/com.st.stm32cube.ide.mcu.externaltools.gnu-tools-for-stm32.9-2020-q2-update.win32_2.0.0.202105311346/tools/bin/../lib/gcc/arm-none-eabi/9.3.1/thumb/v6-m/nofp\libgcc.a(_divsi3.o)
 .ARM.attributes
                0x00000000000009d1       0x1e d:/st/stm32cubeide_1.7.0/stm32cubeide/plugins/com.st.stm32cube.ide.mcu.externaltools.gnu-tools-for-stm32.9-2020-q2-update.win32_2.0.0.202105311346/tools/bin/../lib/gcc/arm-none-eabi/9.3.1/thumb/v6-m/nofp\libgcc.a(_dvmd_tls.o)
 .ARM.attributes
                0x00000000000009ef       0x1e d:/st/stm32cubeide_1.7.0/stm32cubeide/plugins/com.st.stm32cube.ide.mcu.externaltools.gnu-tools-for-stm32.9-2020-q2-update.win32_2.0.0.202105311346/tools/bin/../lib/gcc/arm-none-eabi/9.3.1/thumb/v6-m/nofp/crtn.o
OUTPUT(Zahoreni_zdroju.elf elf32-littlearm)
LOAD linker stubs
LOAD d:/st/stm32cubeide_1.7.0/stm32cubeide/plugins/com.st.stm32cube.ide.mcu.externaltools.gnu-tools-for-stm32.9-2020-q2-update.win32_2.0.0.202105311346/tools/bin/../lib/gcc/arm-none-eabi/9.3.1/../../../../arm-none-eabi/lib/thumb/v6-m/nofp\libc.a
LOAD d:/st/stm32cubeide_1.7.0/stm32cubeide/plugins/com.st.stm32cube.ide.mcu.externaltools.gnu-tools-for-stm32.9-2020-q2-update.win32_2.0.0.202105311346/tools/bin/../lib/gcc/arm-none-eabi/9.3.1/../../../../arm-none-eabi/lib/thumb/v6-m/nofp\libm.a
LOAD d:/st/stm32cubeide_1.7.0/stm32cubeide/plugins/com.st.stm32cube.ide.mcu.externaltools.gnu-tools-for-stm32.9-2020-q2-update.win32_2.0.0.202105311346/tools/bin/../lib/gcc/arm-none-eabi/9.3.1/thumb/v6-m/nofp\libgcc.a

.debug_info     0x0000000000000000    0x2c2d9
 .debug_info    0x0000000000000000     0x18c5 ./Core/Src/comHandle.o
 .debug_info    0x00000000000018c5     0x162f ./Core/Src/lcd.o
 .debug_info    0x0000000000002ef4     0x2e77 ./Core/Src/main.o