../Core/Src/lcd.c:7:6:setColour	16	static
../Core/Src/lcd.c:39:11:getColour	8	static
../Core/Src/lcd.c:46:12:readBusy	24	static
../Core/Src/lcd.c:74:19:sendByte	40	static
../Core/Src/lcd.c:124:6:setDispConfig	16	static
../Core/Src/lcd.c:131:6:dispInit	8	static
../Core/Src/lcd.c:160:12:setCursor	32	static
../Core/Src/lcd.c:177:12:writeChar	32	static
../Core/Src/lcd.c:196:12:writeRow	48	static
../Core/Src/lcd.c:238:12:writeString	32	static
../Core/Src/lcd.c:254:12:clearRow	40	static
../Core/Src/lcd.c:266:6:lcdHandler	8	static
