../Core/Src/main.c:115:6:HAL_GPIO_EXTI_Callback	16	static
../Core/Src/main.c:128:6:HAL_TIM_PeriodElapsedCallback	16	static
../Core/Src/main.c:141:6:HAL_ADC_ConvCpltCallback	16	static
../Core/Src/main.c:153:5:main	48	static
../Core/Src/main.c:280:6:SystemClock_Config	112	static
../Core/Src/main.c:331:13:MX_ADC_Init	24	static
../Core/Src/main.c:505:13:MX_SPI1_Init	8	static
../Core/Src/main.c:545:13:MX_TIM14_Init	40	static
../Core/Src/main.c:590:13:MX_USART3_UART_Init	8	static
../Core/Src/main.c:625:13:MX_GPIO_Init	56	static
../Core/Src/main.c:705:7:clkHandler	8	static
../Core/Src/main.c:760:7:buttonDebounce	8	static
../Core/Src/main.c:817:7:dispHandler	264	static
../Core/Src/main.c:954:7:UI_Handler	8	static
../Core/Src/main.c:1094:7:measHandler	16	static
../Core/Src/main.c:1174:6:Error_Handler	8	static,ignoring_inline_asm
