main.c:115:6:HAL_GPIO_EXTI_Callback	16	static
main.c:128:6:HAL_TIM_PeriodElapsedCallback	16	static
main.c:137:6:HAL_ADC_ConvCpltCallback	16	static
main.c:148:5:main	8	static
main.c:230:6:SystemClock_Config	112	static
main.c:280:13:MX_ADC_Init	24	static
main.c:437:13:MX_SPI1_Init	8	static
main.c:477:13:MX_TIM14_Init	40	static
main.c:522:13:MX_USART3_UART_Init	8	static
main.c:555:13:MX_DMA_Init	16	static
main.c:573:13:MX_GPIO_Init	56	static
main.c:649:6:clkHandler	8	static
main.c:700:6:buttonDebounce	8	static
main.c:754:6:UI_Handler	8	static
main.c:868:6:measHandler	16	static
main.c:992:13:changeChannel	40	static
main.c:1005:17:ADC_dataProcessing	16	static
main.c:1024:6:Error_Handler	8	static,ignoring_inline_asm
