15:46:09 **** Incremental Build of configuration Debug for project Zahoreni_zdroju ****
make -j8 all 
arm-none-eabi-gcc "../Core/Src/main.c" -mcpu=cortex-m0 -std=gnu11 -g3 -DDEBUG -DUSE_HAL_DRIVER -DSTM32F072xB -c -I../Core/Inc -I../Drivers/STM32F0xx_HAL_Driver/Inc -I../Drivers/STM32F0xx_HAL_Driver/Inc/Legacy -I../Drivers/CMSIS/Device/ST/STM32F0xx/Include -I../Drivers/CMSIS/Include -I../USB_DEVICE/App -I../USB_DEVICE/Target -I../Middlewares/ST/STM32_USB_Device_Library/Core/Inc -I../Middlewares/ST/STM32_USB_Device_Library/Class/CDC/Inc -O0 -ffunction-sections -fdata-sections -Wall -fstack-usage -MMD -MP -MF"Core/Src/main.d" -MT"Core/Src/main.o" --specs=nano.specs -mfloat-abi=soft -mthumb -o "Core/Src/main.o"
../Core/Src/main.c: In function 'comHandler':
../Core/Src/main.c:815:19: warning: pointer targets in passing argument 1 of 'CDC_Transmit_FS' differ in signedness [-Wpointer-sign]
  815 |   CDC_Transmit_FS(msg, strlen(msg));
      |                   ^~~
      |                   |
      |                   char *
In file included from ../Core/Src/main.c:26:
../USB_DEVICE/App/usbd_cdc_if.h:110:34: note: expected 'uint8_t *' {aka 'unsigned char *'} but argument is of type 'char *'
  110 | uint8_t CDC_Transmit_FS(uint8_t* Buf, uint16_t Len);
      |                         ~~~~~~~~~^~~
../Core/Src/main.c:826:19: warning: pointer targets in passing argument 1 of 'CDC_Transmit_FS' differ in signedness [-Wpointer-sign]
  826 |   CDC_Transmit_FS(tmpStr, size);
      |                   ^~~~~~
      |                   |
      |                   char *
In file included from ../Core/Src/main.c:26:
../USB_DEVICE/App/usbd_cdc_if.h:110:34: note: expected 'uint8_t *' {aka 'unsigned char *'} but argument is of type 'char *'
  110 | uint8_t CDC_Transmit_FS(uint8_t* Buf, uint16_t Len);
      |                         ~~~~~~~~~^~~
arm-none-eabi-gcc -o "Zahoreni_zdroju.elf" @"objects.list"   -mcpu=cortex-m0 -T"D:\Users\FrantisekBeranek\Dokumenty\TSE\projekty\zahoreni\verze 3\SW\Zahoreni-MCU_SW\Zahoreni_zdroju\STM32F072RBTX_FLASH.ld" --specs=nosys.specs -Wl,-Map="Zahoreni_zdroju.map" -Wl,--gc-sections -static --specs=nano.specs -mfloat-abi=soft -mthumb -Wl,--start-group -lc -lm -Wl,--end-group
Finished building target: Zahoreni_zdroju.elf
 
arm-none-eabi-size   Zahoreni_zdroju.elf 
arm-none-eabi-objdump -h -S  Zahoreni_zdroju.elf  > "Zahoreni_zdroju.list"
arm-none-eabi-objcopy  -O binary  Zahoreni_zdroju.elf  "Zahoreni_zdroju.bin"
   text	   data	    bss	    dec	    hex	filename
  50476	    488	   6648	  57612	   e10c	Zahoreni_zdroju.elf
Finished building: default.size.stdout
 
Finished building: Zahoreni_zdroju.bin
 
Finished building: Zahoreni_zdroju.list
 

15:46:10 Build Finished. 0 errors, 2 warnings. (took 1s.331ms)

