10:05:10 **** Incremental Build of configuration Debug for project Zahoreni_zdroju ****
make -j8 all 
arm-none-eabi-gcc "../Core/Src/main.c" -mcpu=cortex-m0 -std=gnu11 -g3 -DDEBUG -DUSE_HAL_DRIVER -DSTM32F072xB -c -I../Core/Inc -I../Drivers/STM32F0xx_HAL_Driver/Inc -I../Drivers/STM32F0xx_HAL_Driver/Inc/Legacy -I../Drivers/CMSIS/Device/ST/STM32F0xx/Include -I../Drivers/CMSIS/Include -I../USB_DEVICE/App -I../USB_DEVICE/Target -I../Middlewares/ST/STM32_USB_Device_Library/Core/Inc -I../Middlewares/ST/STM32_USB_Device_Library/Class/CDC/Inc -O0 -ffunction-sections -fdata-sections -Wall -fstack-usage -MMD -MP -MF"Core/Src/main.d" -MT"Core/Src/main.o" --specs=nano.specs -mfloat-abi=soft -mthumb -o "Core/Src/main.o"
../Core/Src/main.c: In function 'measHandler':
../Core/Src/main.c:896:30: warning: passing argument 2 of 'HAL_ADC_Start_DMA' discards 'volatile' qualifier from pointer target type [-Wdiscarded-qualifiers]
  896 |     HAL_ADC_Start_DMA(&hadc, ADC_Buffer, 20);
      |                              ^~~~~~~~~~
In file included from ../Core/Inc/stm32f0xx_hal_conf.h:212,
                 from ../Drivers/STM32F0xx_HAL_Driver/Inc/stm32f0xx_hal.h:30,
                 from ../Core/Inc/main.h:31,
                 from ../Core/Src/main.c:21:
../Drivers/STM32F0xx_HAL_Driver/Inc/stm32f0xx_hal_adc.h:959:78: note: expected 'uint32_t *' {aka 'long unsigned int *'} but argument is of type 'volatile uint32_t *' {aka 'volatile long unsigned int *'}
  959 | HAL_StatusTypeDef       HAL_ADC_Start_DMA(ADC_HandleTypeDef* hadc, uint32_t* pData, uint32_t Length);
      |                                                                    ~~~~~~~~~~^~~~~
../Core/Src/main.c:903:30: warning: passing argument 2 of 'HAL_ADC_Start_DMA' discards 'volatile' qualifier from pointer target type [-Wdiscarded-qualifiers]
  903 |     HAL_ADC_Start_DMA(&hadc, ADC_Buffer, 20);
      |                              ^~~~~~~~~~
In file included from ../Core/Inc/stm32f0xx_hal_conf.h:212,
                 from ../Drivers/STM32F0xx_HAL_Driver/Inc/stm32f0xx_hal.h:30,
                 from ../Core/Inc/main.h:31,
                 from ../Core/Src/main.c:21:
../Drivers/STM32F0xx_HAL_Driver/Inc/stm32f0xx_hal_adc.h:959:78: note: expected 'uint32_t *' {aka 'long unsigned int *'} but argument is of type 'volatile uint32_t *' {aka 'volatile long unsigned int *'}
  959 | HAL_StatusTypeDef       HAL_ADC_Start_DMA(ADC_HandleTypeDef* hadc, uint32_t* pData, uint32_t Length);
      |                                                                    ~~~~~~~~~~^~~~~
../Core/Src/main.c:985:30: warning: passing argument 2 of 'HAL_ADC_Start_DMA' discards 'volatile' qualifier from pointer target type [-Wdiscarded-qualifiers]
  985 |     HAL_ADC_Start_DMA(&hadc, ADC_Buffer, 20);
      |                              ^~~~~~~~~~
In file included from ../Core/Inc/stm32f0xx_hal_conf.h:212,
                 from ../Drivers/STM32F0xx_HAL_Driver/Inc/stm32f0xx_hal.h:30,
                 from ../Core/Inc/main.h:31,
                 from ../Core/Src/main.c:21:
../Drivers/STM32F0xx_HAL_Driver/Inc/stm32f0xx_hal_adc.h:959:78: note: expected 'uint32_t *' {aka 'long unsigned int *'} but argument is of type 'volatile uint32_t *' {aka 'volatile long unsigned int *'}
  959 | HAL_StatusTypeDef       HAL_ADC_Start_DMA(ADC_HandleTypeDef* hadc, uint32_t* pData, uint32_t Length);
      |                                                                    ~~~~~~~~~~^~~~~
arm-none-eabi-gcc -o "Zahoreni_zdroju.elf" @"objects.list"   -mcpu=cortex-m0 -T"D:\Users\FrantisekBeranek\Dokumenty\TSE\projekty\zahoreni\verze 3\SW\Zahoreni-MCU_SW\Zahoreni_zdroju\STM32F072RBTX_FLASH.ld" --specs=nosys.specs -Wl,-Map="Zahoreni_zdroju.map" -Wl,--gc-sections -static --specs=nano.specs -mfloat-abi=soft -mthumb -Wl,--start-group -lc -lm -Wl,--end-group
Finished building target: Zahoreni_zdroju.elf
 
arm-none-eabi-size   Zahoreni_zdroju.elf 
arm-none-eabi-objdump -h -S  Zahoreni_zdroju.elf  > "Zahoreni_zdroju.list"
arm-none-eabi-objcopy  -O binary  Zahoreni_zdroju.elf  "Zahoreni_zdroju.bin"
   text	   data	    bss	    dec	    hex	filename
  54164	    488	   6808	  61460	   f014	Zahoreni_zdroju.elf
Finished building: default.size.stdout
 
Finished building: Zahoreni_zdroju.bin
 
Finished building: Zahoreni_zdroju.list
 

10:05:11 Build Finished. 0 errors, 3 warnings. (took 1s.318ms)

